Archive member included to satisfy reference by file (symbol)

C:/ST/STM32CubeIDE_1.18.1/STM32CubeIDE/plugins/com.st.stm32cube.ide.mcu.externaltools.gnu-tools-for-stm32.13.3.rel1.win32_1.0.0.202411081344/tools/bin/../lib/gcc/arm-none-eabi/13.3.1/../../../../arm-none-eabi/lib/thumb/v7e-m+fp/hard\libc_nano.a(libc_a-exit.o)
                              C:/ST/STM32CubeIDE_1.18.1/STM32CubeIDE/plugins/com.st.stm32cube.ide.mcu.externaltools.gnu-tools-for-stm32.13.3.rel1.win32_1.0.0.202411081344/tools/bin/../lib/gcc/arm-none-eabi/13.3.1/../../../../arm-none-eabi/lib/thumb/v7e-m+fp/hard/crt0.o (exit)
C:/ST/STM32CubeIDE_1.18.1/STM32CubeIDE/plugins/com.st.stm32cube.ide.mcu.externaltools.gnu-tools-for-stm32.13.3.rel1.win32_1.0.0.202411081344/tools/bin/../lib/gcc/arm-none-eabi/13.3.1/../../../../arm-none-eabi/lib/thumb/v7e-m+fp/hard\libc_nano.a(libc_a-malloc.o)
                              ./Middlewares/USB_Host_Library/usbh_cdc.o (malloc)
C:/ST/STM32CubeIDE_1.18.1/STM32CubeIDE/plugins/com.st.stm32cube.ide.mcu.externaltools.gnu-tools-for-stm32.13.3.rel1.win32_1.0.0.202411081344/tools/bin/../lib/gcc/arm-none-eabi/13.3.1/../../../../arm-none-eabi/lib/thumb/v7e-m+fp/hard\libc_nano.a(libc_a-mallocr.o)
                              C:/ST/STM32CubeIDE_1.18.1/STM32CubeIDE/plugins/com.st.stm32cube.ide.mcu.externaltools.gnu-tools-for-stm32.13.3.rel1.win32_1.0.0.202411081344/tools/bin/../lib/gcc/arm-none-eabi/13.3.1/../../../../arm-none-eabi/lib/thumb/v7e-m+fp/hard\libc_nano.a(libc_a-malloc.o) (_malloc_r)
C:/ST/STM32CubeIDE_1.18.1/STM32CubeIDE/plugins/com.st.stm32cube.ide.mcu.externaltools.gnu-tools-for-stm32.13.3.rel1.win32_1.0.0.202411081344/tools/bin/../lib/gcc/arm-none-eabi/13.3.1/../../../../arm-none-eabi/lib/thumb/v7e-m+fp/hard\libc_nano.a(libc_a-mlock.o)
                              C:/ST/STM32CubeIDE_1.18.1/STM32CubeIDE/plugins/com.st.stm32cube.ide.mcu.externaltools.gnu-tools-for-stm32.13.3.rel1.win32_1.0.0.202411081344/tools/bin/../lib/gcc/arm-none-eabi/13.3.1/../../../../arm-none-eabi/lib/thumb/v7e-m+fp/hard\libc_nano.a(libc_a-mallocr.o) (__malloc_lock)
C:/ST/STM32CubeIDE_1.18.1/STM32CubeIDE/plugins/com.st.stm32cube.ide.mcu.externaltools.gnu-tools-for-stm32.13.3.rel1.win32_1.0.0.202411081344/tools/bin/../lib/gcc/arm-none-eabi/13.3.1/../../../../arm-none-eabi/lib/thumb/v7e-m+fp/hard\libc_nano.a(libc_a-findfp.o)
                              ./Middlewares/FreeRTOS/tasks.o (__sf)
C:/ST/STM32CubeIDE_1.18.1/STM32CubeIDE/plugins/com.st.stm32cube.ide.mcu.externaltools.gnu-tools-for-stm32.13.3.rel1.win32_1.0.0.202411081344/tools/bin/../lib/gcc/arm-none-eabi/13.3.1/../../../../arm-none-eabi/lib/thumb/v7e-m+fp/hard\libc_nano.a(libc_a-fwalk.o)
                              C:/ST/STM32CubeIDE_1.18.1/STM32CubeIDE/plugins/com.st.stm32cube.ide.mcu.externaltools.gnu-tools-for-stm32.13.3.rel1.win32_1.0.0.202411081344/tools/bin/../lib/gcc/arm-none-eabi/13.3.1/../../../../arm-none-eabi/lib/thumb/v7e-m+fp/hard\libc_nano.a(libc_a-findfp.o) (_fwalk_sglue)
C:/ST/STM32CubeIDE_1.18.1/STM32CubeIDE/plugins/com.st.stm32cube.ide.mcu.externaltools.gnu-tools-for-stm32.13.3.rel1.win32_1.0.0.202411081344/tools/bin/../lib/gcc/arm-none-eabi/13.3.1/../../../../arm-none-eabi/lib/thumb/v7e-m+fp/hard\libc_nano.a(libc_a-stdio.o)
                              C:/ST/STM32CubeIDE_1.18.1/STM32CubeIDE/plugins/com.st.stm32cube.ide.mcu.externaltools.gnu-tools-for-stm32.13.3.rel1.win32_1.0.0.202411081344/tools/bin/../lib/gcc/arm-none-eabi/13.3.1/../../../../arm-none-eabi/lib/thumb/v7e-m+fp/hard\libc_nano.a(libc_a-findfp.o) (__sread)
C:/ST/STM32CubeIDE_1.18.1/STM32CubeIDE/plugins/com.st.stm32cube.ide.mcu.externaltools.gnu-tools-for-stm32.13.3.rel1.win32_1.0.0.202411081344/tools/bin/../lib/gcc/arm-none-eabi/13.3.1/../../../../arm-none-eabi/lib/thumb/v7e-m+fp/hard\libc_nano.a(libc_a-memset.o)
                              C:/ST/STM32CubeIDE_1.18.1/STM32CubeIDE/plugins/com.st.stm32cube.ide.mcu.externaltools.gnu-tools-for-stm32.13.3.rel1.win32_1.0.0.202411081344/tools/bin/../lib/gcc/arm-none-eabi/13.3.1/../../../../arm-none-eabi/lib/thumb/v7e-m+fp/hard/crt0.o (memset)
C:/ST/STM32CubeIDE_1.18.1/STM32CubeIDE/plugins/com.st.stm32cube.ide.mcu.externaltools.gnu-tools-for-stm32.13.3.rel1.win32_1.0.0.202411081344/tools/bin/../lib/gcc/arm-none-eabi/13.3.1/../../../../arm-none-eabi/lib/thumb/v7e-m+fp/hard\libc_nano.a(libc_a-closer.o)
                              C:/ST/STM32CubeIDE_1.18.1/STM32CubeIDE/plugins/com.st.stm32cube.ide.mcu.externaltools.gnu-tools-for-stm32.13.3.rel1.win32_1.0.0.202411081344/tools/bin/../lib/gcc/arm-none-eabi/13.3.1/../../../../arm-none-eabi/lib/thumb/v7e-m+fp/hard\libc_nano.a(libc_a-stdio.o) (_close_r)
C:/ST/STM32CubeIDE_1.18.1/STM32CubeIDE/plugins/com.st.stm32cube.ide.mcu.externaltools.gnu-tools-for-stm32.13.3.rel1.win32_1.0.0.202411081344/tools/bin/../lib/gcc/arm-none-eabi/13.3.1/../../../../arm-none-eabi/lib/thumb/v7e-m+fp/hard\libc_nano.a(libc_a-reent.o)
                              ./Middlewares/FreeRTOS/tasks.o (_reclaim_reent)
[...]
Memory Configuration

Name             Origin             Length             Attributes
CCMRAM           0x10000000         0x00010000         xrw
RAM              0x20000000         0x00030000         xrw
FLASH            0x08000000         0x00200000         xr
*default*        0x00000000         0xffffffff

Linker script and memory map

LOAD C:/ST/STM32CubeIDE_1.18.1/STM32CubeIDE/plugins/com.st.stm32cube.ide.mcu.externaltools.gnu-tools-for-stm32.13.3.rel1.win32_1.0.0.202411081344/tools/bin/../lib/gcc/arm-none-eabi/13.3.1/thumb/v7e-m+fp/hard/crti.o
LOAD C:/ST/STM32CubeIDE_1.18.1/STM32CubeIDE/plugins/com.st.stm32cube.ide.mcu.externaltools.gnu-tools-for-stm32.13.3.rel1.win32_1.0.0.202411081344/tools/bin/../lib/gcc/arm-none-eabi/13.3.1/thumb/v7e-m+fp/hard/crtbegin.o
LOAD C:/ST/STM32CubeIDE_1.18.1/STM32CubeIDE/plugins/com.st.stm32cube.ide.mcu.externaltools.gnu-tools-for-stm32.13.3.rel1.win32_1.0.0.202411081344/tools/bin/../lib/gcc/arm-none-eabi/13.3.1/../../../../arm-none-eabi/lib/thumb/v7e-m+fp/hard/crt0.o
LOAD ./Core/Src/freertos.o
LOAD ./Core/Src/main.o
LOAD ./Core/Src/stm32f4xx_hal_msp.o
LOAD ./Core/Src/stm32f4xx_hal_timebase_tim.o
LOAD ./Core/Src/stm32f4xx_it.o
LOAD ./Core/Src/syscalls.o
LOAD ./Core/Src/sysmem.o
LOAD ./Core/Src/system_stm32f4xx.o
LOAD ./Core/Startup/startup_stm32f429zitx.o
LOAD ./Drivers/STM32F4xx_HAL_Driver/stm32f4xx_hal.o
LOAD ./Drivers/STM32F4xx_HAL_Driver/stm32f4xx_hal_cortex.o
LOAD ./Drivers/STM32F4xx_HAL_Driver/stm32f4xx_hal_crc.o
LOAD ./Drivers/STM32F4xx_HAL_Driver/stm32f4xx_hal_dma.o
LOAD ./Drivers/STM32F4xx_HAL_Driver/stm32f4xx_hal_dma2d.o
LOAD ./Drivers/STM32F4xx_HAL_Driver/stm32f4xx_hal_dma_ex.o
LOAD ./Drivers/STM32F4xx_HAL_Driver/stm32f4xx_hal_dsi.o
LOAD ./Drivers/STM32F4xx_HAL_Driver/stm32f4xx_hal_exti.o
LOAD ./Drivers/STM32F4xx_HAL_Driver/stm32f4xx_hal_flash.o
LOAD ./Drivers/STM32F4xx_HAL_Driver/stm32f4xx_hal_flash_ex.o
LOAD ./Drivers/STM32F4xx_HAL_Driver/stm32f4xx_hal_flash_ramfunc.o
LOAD ./Drivers/STM32F4xx_HAL_Driver/stm32f4xx_hal_gpio.o
LOAD ./Drivers/STM32F4xx_HAL_Driver/stm32f4xx_hal_hcd.o
LOAD ./Drivers/STM32F4xx_HAL_Driver/stm32f4xx_hal_i2c.o
LOAD ./Drivers/STM32F4xx_HAL_Driver/stm32f4xx_hal_i2c_ex.o
LOAD ./Drivers/STM32F4xx_HAL_Driver/stm32f4xx_hal_ltdc.o
LOAD ./Drivers/STM32F4xx_HAL_Driver/stm32f4xx_hal_ltdc_ex.o
LOAD ./Drivers/STM32F4xx_HAL_Driver/stm32f4xx_hal_nand.o
LOAD ./Drivers/STM32F4xx_HAL_Driver/stm32f4xx_hal_nor.o
LOAD ./Drivers/STM32F4xx_HAL_Driver/stm32f4xx_hal_pccard.o
LOAD ./Drivers/STM32F4xx_HAL_Driver/stm32f4xx_hal_pwr.o
LOAD ./Drivers/STM32F4xx_HAL_Driver/stm32f4xx_hal_pwr_ex.o
LOAD ./Drivers/STM32F4xx_HAL_Driver/stm32f4xx_hal_rcc.o
LOAD ./Drivers/STM32F4xx_HAL_Driver/stm32f4xx_hal_rcc_ex.o
LOAD ./Drivers/STM32F4xx_HAL_Driver/stm32f4xx_hal_sdram.o
LOAD ./Drivers/STM32F4xx_HAL_Driver/stm32f4xx_hal_spi.o
LOAD ./Drivers/STM32F4xx_HAL_Driver/stm32f4xx_hal_sram.o
LOAD ./Drivers/STM32F4xx_HAL_Driver/stm32f4xx_hal_tim.o
LOAD ./Drivers/STM32F4xx_HAL_Driver/stm32f4xx_hal_tim_ex.o
LOAD ./Drivers/STM32F4xx_HAL_Driver/stm32f4xx_hal_uart.o
LOAD ./Drivers/STM32F4xx_HAL_Driver/stm32f4xx_ll_fmc.o
LOAD ./Drivers/STM32F4xx_HAL_Driver/stm32f4xx_ll_usb.o
LOAD ./Middlewares/FreeRTOS/cmsis_os.o
LOAD ./Middlewares/FreeRTOS/croutine.o
LOAD ./Middlewares/FreeRTOS/event_groups.o
LOAD ./Middlewares/FreeRTOS/heap_4.o
LOAD ./Middlewares/FreeRTOS/list.o
LOAD ./Middlewares/FreeRTOS/port.o
LOAD ./Middlewares/FreeRTOS/queue.o
LOAD ./Middlewares/FreeRTOS/stream_buffer.o
LOAD ./Middlewares/FreeRTOS/tasks.o
LOAD ./Middlewares/FreeRTOS/timers.o
LOAD ./Middlewares/USB_Host_Library/usbh_cdc.o
LOAD ./Middlewares/USB_Host_Library/usbh_core.o
LOAD ./Middlewares/USB_Host_Library/usbh_ctlreq.o
LOAD ./Middlewares/USB_Host_Library/usbh_ioreq.o
LOAD ./Middlewares/USB_Host_Library/usbh_pipes.o
LOAD ./USB_HOST/App/usb_host.o
LOAD ./USB_HOST/Target/usbh_conf.o
LOAD ./USB_HOST/Target/usbh_platform.o
START GROUP
LOAD C:/ST/STM32CubeIDE_1.18.1/STM32CubeIDE/plugins/com.st.stm32cube.ide.mcu.externaltools.gnu-tools-for-stm32.13.3.rel1.win32_1.0.0.202411081344/tools/bin/../lib/gcc/arm-none-eabi/13.3.1/../../../../arm-none-eabi/lib/thumb/v7e-m+fp/hard\libc_nano.a
LOAD C:/ST/STM32CubeIDE_1.18.1/STM32CubeIDE/plugins/com.st.stm32cube.ide.mcu.externaltools.gnu-tools-for-stm32.13.3.rel1.win32_1.0.0.202411081344/tools/bin/../lib/gcc/arm-none-eabi/13.3.1/../../../../arm-none-eabi/lib/thumb/v7e-m+fp/hard\libm.a
END GROUP
START GROUP
LOAD C:/ST/STM32CubeIDE_1.18.1/STM32CubeIDE/plugins/com.st.stm32cube.ide.mcu.externaltools.gnu-tools-for-stm32.13.3.rel1.win32_1.0.0.202411081344/tools/bin/../lib/gcc/arm-none-eabi/13.3.1/thumb/v7e-m+fp/hard\libgcc.a
LOAD C:/ST/STM32CubeIDE_1.18.1/STM32CubeIDE/plugins/com.st.stm32cube.ide.mcu.externaltools.gnu-tools-for-stm32.13.3.rel1.win32_1.0.0.202411081344/tools/bin/../lib/gcc/arm-none-eabi/13.3.1/../../../../arm-none-eabi/lib/thumb/v7e-m+fp/hard\libc_nano.a
END GROUP
START GROUP
LOAD C:/ST/STM32CubeIDE_1.18.1/STM32CubeIDE/plugins/com.st.stm32cube.ide.mcu.externaltools.gnu-tools-for-stm32.13.3.rel1.win32_1.0.0.202411081344/tools/bin/../lib/gcc/arm-none-eabi/13.3.1/thumb/v7e-m+fp/hard\libgcc.a
LOAD C:/ST/STM32CubeIDE_1.18.1/STM32CubeIDE/plugins/com.st.stm32cube.ide.mcu.externaltools.gnu-tools-for-stm32.13.3.rel1.win32_1.0.0.202411081344/tools/bin/../lib/gcc/arm-none-eabi/13.3.1/../../../../arm-none-eabi/lib/thumb/v7e-m+fp/hard\libc_nano.a
LOAD C:/ST/STM32CubeIDE_1.18.1/STM32CubeIDE/plugins/com.st.stm32cube.ide.mcu.externaltools.gnu-tools-for-stm32.13.3.rel1.win32_1.0.0.202411081344/tools/bin/../lib/gcc/arm-none-eabi/13.3.1/../../../../arm-none-eabi/lib/thumb/v7e-m+fp/hard\libnosys.a
END GROUP
START GROUP
LOAD C:/ST/STM32CubeIDE_1.18.1/STM32CubeIDE/plugins/com.st.stm32cube.ide.mcu.externaltools.gnu-tools-for-stm32.13.3.rel1.win32_1.0.0.202411081344/tools/bin/../lib/gcc/arm-none-eabi/13.3.1/thumb/v7e-m+fp/hard\libgcc.a
LOAD C:/ST/STM32CubeIDE_1.18.1/STM32CubeIDE/plugins/com.st.stm32cube.ide.mcu.externaltools.gnu-tools-for-stm32.13.3.rel1.win32_1.0.0.202411081344/tools/bin/../lib/gcc/arm-none-eabi/13.3.1/../../../../arm-none-eabi/lib/thumb/v7e-m+fp/hard\libc_nano.a
LOAD C:/ST/STM32CubeIDE_1.18.1/STM32CubeIDE/plugins/com.st.stm32cube.ide.mcu.externaltools.gnu-tools-for-stm32.13.3.rel1.win32_1.0.0.202411081344/tools/bin/../lib/gcc/arm-none-eabi/13.3.1/../../../../arm-none-eabi/lib/thumb/v7e-m+fp/hard\libnosys.a
END GROUP
LOAD C:/ST/STM32CubeIDE_1.18.1/STM32CubeIDE/plugins/com.st.stm32cube.ide.mcu.externaltools.gnu-tools-for-stm32.13.3.rel1.win32_1.0.0.202411081344/tools/bin/../lib/gcc/arm-none-eabi/13.3.1/thumb/v7e-m+fp/hard/crtend.o
LOAD C:/ST/STM32CubeIDE_1.18.1/STM32CubeIDE/plugins/com.st.stm32cube.ide.mcu.externaltools.gnu-tools-for-stm32.13.3.rel1.win32_1.0.0.202411081344/tools/bin/../lib/gcc/arm-none-eabi/13.3.1/thumb/v7e-m+fp/hard/crtn.o
                0x20030000                        _estack = (ORIGIN (RAM) + LENGTH (RAM))
                0x00000200                        _Min_Heap_Size = 0x200
                0x00000400                        _Min_Stack_Size = 0x400

.isr_vector     0x08000000      0x1ac
                0x08000000                        . = ALIGN (0x4)
 *(.isr_vector)
 .isr_vector    0x08000000      0x1ac ./Core/Startup/startup_stm32f429zitx.o
                0x08000000                g_pfnVectors
                0x080001ac                        . = ALIGN (0x4)

.text           0x080001b0     0xd744
                0x080001b0                        . = ALIGN (0x4)
 *(.text)
 .text          0x080001b0       0x40 C:/ST/STM32CubeIDE_1.18.1/STM32CubeIDE/plugins/com.st.stm32cube.ide.mcu.externaltools.gnu-tools-for-stm32.13.3.rel1.win32_1.0.0.202411081344/tools/bin/../lib/gcc/arm-none-eabi/13.3.1/thumb/v7e-m+fp/hard/crtbegin.o
 .text          0x080001f0       0x10 C:/ST/STM32CubeIDE_1.18.1/STM32CubeIDE/plugins/com.st.stm32cube.ide.mcu.externaltools.gnu-tools-for-stm32.13.3.rel1.win32_1.0.0.202411081344/tools/bin/../lib/gcc/arm-none-eabi/13.3.1/../../../../arm-none-eabi/lib/thumb/v7e-m+fp/hard\libc_nano.a(libc_a-strlen.o)
                0x080001f0                strlen
 .text          0x08000200       0x30 C:/ST/STM32CubeIDE_1.18.1/STM32CubeIDE/plugins/com.st.stm32cube.ide.mcu.externaltools.gnu-tools-for-stm32.13.3.rel1.win32_1.0.0.202411081344/tools/bin/../lib/gcc/arm-none-eabi/13.3.1/thumb/v7e-m+fp/hard\libgcc.a(_aeabi_uldivmod.o)
                0x08000200                __aeabi_uldivmod
 .text          0x08000230      0x2f8 C:/ST/STM32CubeIDE_1.18.1/STM32CubeIDE/plugins/com.st.stm32cube.ide.mcu.externaltools.gnu-tools-for-stm32.13.3.rel1.win32_1.0.0.202411081344/tools/bin/../lib/gcc/arm-none-eabi/13.3.1/thumb/v7e-m+fp/hard\libgcc.a(_udivmoddi4.o)
                0x08000230                __udivmoddi4
 .text          0x08000528        0x4 C:/ST/STM32CubeIDE_1.18.1/STM32CubeIDE/plugins/com.st.stm32cube.ide.mcu.externaltools.gnu-tools-for-stm32.13.3.rel1.win32_1.0.0.202411081344/tools/bin/../lib/gcc/arm-none-eabi/13.3.1/thumb/v7e-m+fp/hard\libgcc.a(_dvmd_tls.o)
                0x08000528                __aeabi_idiv0
                0x08000528                __aeabi_ldiv0
 *(.text*)
 .text.vApplicationIdleHook
                0x0800052c        0xe ./Core/Src/freertos.o
                0x0800052c                vApplicationIdleHook
 .text.vApplicationStackOverflowHook
                0x0800053a       0x16 ./Core/Src/freertos.o
                0x0800053a                vApplicationStackOverflowHook
 .text.vApplicationMallocFailedHook
                0x08000550        0xe ./Core/Src/freertos.o
                0x08000550                vApplicationMallocFailedHook
 *fill*         0x0800055e        0x2 
 .text.vApplicationGetIdleTaskMemory
                0x08000560       0x34 ./Core/Src/freertos.o
                0x08000560                vApplicationGetIdleTaskMemory
 .text.GreenLedBlink
                0x08000594       0x24 ./Core/Src/main.o
                0x08000594                GreenLedBlink
 .text.SendHelloWorld
                0x080005b8       0x78 ./Core/Src/main.o
                0x080005b8                SendHelloWorld
 .text.main     0x08000630       0xa0 ./Core/Src/main.o
                0x08000630                main
 .text.SystemClock_Config
                0x080006d0       0xd4 ./Core/Src/main.o
                0x080006d0                SystemClock_Config
 .text.MX_CRC_Init
                0x080007a4       0x28 ./Core/Src/main.o
 .text.MX_DMA2D_Init
                0x080007cc       0x64 ./Core/Src/main.o
 .text.MX_I2C3_Init
                0x08000830       0x80 ./Core/Src/main.o
 .text.MX_LTDC_Init
                0x080008b0      0x100 ./Core/Src/main.o
 .text.MX_SPI5_Init
                0x080009b0       0x6c ./Core/Src/main.o
 .text.MX_TIM1_Init
                0x08000a1c       0xa0 ./Core/Src/main.o
 .text.MX_USART1_UART_Init
                0x08000abc       0x54 ./Core/Src/main.o
 .text.MX_USART2_UART_Init
                0x08000b10       0x54 ./Core/Src/main.o
 .text.MX_FMC_Init
                0x08000b64       0xa0 ./Core/Src/main.o
 .text.MX_GPIO_Init
                0x08000c04      0x220 ./Core/Src/main.o
 .text.StartDefaultTask
                0x08000e24       0x14 ./Core/Src/main.o
                0x08000e24                StartDefaultTask
 .text.HAL_TIM_PeriodElapsedCallback
                0x08000e38       0x24 ./Core/Src/main.o
                0x08000e38                HAL_TIM_PeriodElapsedCallback
 .text.Error_Handler
                0x08000e5c        0xc ./Core/Src/main.o
                0x08000e5c                Error_Handler
 .text.HAL_MspInit
                0x08000e68       0x58 ./Core/Src/stm32f4xx_hal_msp.o
                0x08000e68                HAL_MspInit
 .text.HAL_CRC_MspInit
                0x08000ec0       0x44 ./Core/Src/stm32f4xx_hal_msp.o
                0x08000ec0                HAL_CRC_MspInit
 .text.HAL_DMA2D_MspInit
                0x08000f04       0x50 ./Core/Src/stm32f4xx_hal_msp.o
                0x08000f04                HAL_DMA2D_MspInit
 .text.HAL_I2C_MspInit
                0x08000f54       0xd4 ./Core/Src/stm32f4xx_hal_msp.o
                0x08000f54                HAL_I2C_MspInit
 .text.HAL_LTDC_MspInit
                0x08001028      0x260 ./Core/Src/stm32f4xx_hal_msp.o
                0x08001028                HAL_LTDC_MspInit
 .text.HAL_SPI_MspInit
                0x08001288       0x90 ./Core/Src/stm32f4xx_hal_msp.o
                0x08001288                HAL_SPI_MspInit
 .text.HAL_TIM_Base_MspInit
                0x08001318       0x44 ./Core/Src/stm32f4xx_hal_msp.o
                0x08001318                HAL_TIM_Base_MspInit
 .text.HAL_UART_MspInit
                0x0800135c       0xf8 ./Core/Src/stm32f4xx_hal_msp.o
                0x0800135c                HAL_UART_MspInit
 .text.HAL_FMC_MspInit
                0x08001454      0x124 ./Core/Src/stm32f4xx_hal_msp.o
 .text.HAL_SDRAM_MspInit
                0x08001578       0x14 ./Core/Src/stm32f4xx_hal_msp.o
                0x08001578                HAL_SDRAM_MspInit
 .text.HAL_InitTick
                0x0800158c       0xf8 ./Core/Src/stm32f4xx_hal_timebase_tim.o
                0x0800158c                HAL_InitTick
 .text.NMI_Handler
                0x08001684        0x8 ./Core/Src/stm32f4xx_it.o
                0x08001684                NMI_Handler
 .text.HardFault_Handler
                0x0800168c        0x8 ./Core/Src/stm32f4xx_it.o
                0x0800168c                HardFault_Handler
 .text.MemManage_Handler
                0x08001694        0x8 ./Core/Src/stm32f4xx_it.o
                0x08001694                MemManage_Handler
 .text.BusFault_Handler
                0x0800169c        0x8 ./Core/Src/stm32f4xx_it.o
                0x0800169c                BusFault_Handler
 .text.UsageFault_Handler
                0x080016a4        0x8 ./Core/Src/stm32f4xx_it.o
                0x080016a4                UsageFault_Handler
 .text.DebugMon_Handler
                0x080016ac        0xe ./Core/Src/stm32f4xx_it.o
                0x080016ac                DebugMon_Handler
 *fill*         0x080016ba        0x2 
 .text.TIM6_DAC_IRQHandler
                0x080016bc       0x14 ./Core/Src/stm32f4xx_it.o
                0x080016bc                TIM6_DAC_IRQHandler
 .text.OTG_HS_IRQHandler
                0x080016d0       0x14 ./Core/Src/stm32f4xx_it.o
                0x080016d0                OTG_HS_IRQHandler
 .text.LTDC_IRQHandler
                0x080016e4       0x14 ./Core/Src/stm32f4xx_it.o
                0x080016e4                LTDC_IRQHandler
 .text.DMA2D_IRQHandler
                0x080016f8       0x14 ./Core/Src/stm32f4xx_it.o
                0x080016f8                DMA2D_IRQHandler
 .text._sbrk    0x0800170c       0x6c ./Core/Src/sysmem.o
                0x0800170c                _sbrk
 .text.SystemInit
                0x08001778       0x24 ./Core/Src/system_stm32f4xx.o
                0x08001778                SystemInit
 .text.Reset_Handler
                0x0800179c       0x50 ./Core/Startup/startup_stm32f429zitx.o
                0x0800179c                Reset_Handler
 .text.Default_Handler
                0x080017ec        0x2 ./Core/Startup/startup_stm32f429zitx.o
                0x080017ec                RTC_Alarm_IRQHandler
                0x080017ec                HASH_RNG_IRQHandler
                0x080017ec                EXTI2_IRQHandler
                0x080017ec                TIM8_CC_IRQHandler
                0x080017ec                UART8_IRQHandler
                0x080017ec                SPI4_IRQHandler
                0x080017ec                TIM1_CC_IRQHandler
                0x080017ec                DMA2_Stream5_IRQHandler
                0x080017ec                DMA1_Stream5_IRQHandler
                0x080017ec                PVD_IRQHandler
                0x080017ec                SDIO_IRQHandler
                0x080017ec                TAMP_STAMP_IRQHandler
                0x080017ec                CAN2_RX1_IRQHandler
                0x080017ec                EXTI3_IRQHandler
                0x080017ec                TIM8_TRG_COM_TIM14_IRQHandler
                0x080017ec                TIM1_UP_TIM10_IRQHandler
                0x080017ec                TIM8_UP_TIM13_IRQHandler
                0x080017ec                I2C3_ER_IRQHandler
                0x080017ec                EXTI0_IRQHandler
                0x080017ec                I2C2_EV_IRQHandler
                0x080017ec                DMA1_Stream2_IRQHandler
                0x080017ec                CAN1_RX0_IRQHandler
                0x080017ec                FPU_IRQHandler
                0x080017ec                OTG_HS_WKUP_IRQHandler
                0x080017ec                LTDC_ER_IRQHandler
                0x080017ec                CAN2_SCE_IRQHandler
                0x080017ec                DMA2_Stream2_IRQHandler
                0x080017ec                SPI1_IRQHandler
                0x080017ec                TIM1_BRK_TIM9_IRQHandler
                0x080017ec                DCMI_IRQHandler
                0x080017ec                CAN2_RX0_IRQHandler
                0x080017ec                DMA2_Stream3_IRQHandler
                0x080017ec                USART6_IRQHandler
                0x080017ec                USART3_IRQHandler
                0x080017ec                CAN1_RX1_IRQHandler
                0x080017ec                UART5_IRQHandler
                0x080017ec                DMA2_Stream0_IRQHandler
                0x080017ec                TIM4_IRQHandler
                0x080017ec                I2C1_EV_IRQHandler
                0x080017ec                DMA1_Stream6_IRQHandler
                0x080017ec                DMA1_Stream1_IRQHandler
                0x080017ec                UART4_IRQHandler
                0x080017ec                TIM3_IRQHandler
                0x080017ec                RCC_IRQHandler
                0x080017ec                TIM8_BRK_TIM12_IRQHandler
                0x080017ec                Default_Handler
                0x080017ec                EXTI15_10_IRQHandler
                0x080017ec                ADC_IRQHandler
                0x080017ec                DMA1_Stream7_IRQHandler
                0x080017ec                SPI5_IRQHandler
                0x080017ec                TIM7_IRQHandler
                0x080017ec                CAN2_TX_IRQHandler
                0x080017ec                TIM5_IRQHandler
                0x080017ec                DMA2_Stream7_IRQHandler
                0x080017ec                I2C3_EV_IRQHandler
                0x080017ec                EXTI9_5_IRQHandler
                0x080017ec                RTC_WKUP_IRQHandler
                0x080017ec                ETH_WKUP_IRQHandler
                0x080017ec                SPI2_IRQHandler
                0x080017ec                OTG_HS_EP1_IN_IRQHandler
                0x080017ec                DMA1_Stream0_IRQHandler
                0x080017ec                CAN1_TX_IRQHandler
                0x080017ec                EXTI4_IRQHandler
                0x080017ec                ETH_IRQHandler
                0x080017ec                OTG_HS_EP1_OUT_IRQHandler
                0x080017ec                WWDG_IRQHandler
                0x080017ec                SPI6_IRQHandler
                0x080017ec                TIM2_IRQHandler
                0x080017ec                OTG_FS_WKUP_IRQHandler
                0x080017ec                TIM1_TRG_COM_TIM11_IRQHandler
                0x080017ec                EXTI1_IRQHandler
                0x080017ec                UART7_IRQHandler
                0x080017ec                USART2_IRQHandler
                0x080017ec                I2C2_ER_IRQHandler
                0x080017ec                DMA2_Stream1_IRQHandler
                0x080017ec                CAN1_SCE_IRQHandler
                0x080017ec                FLASH_IRQHandler
                0x080017ec                DMA2_Stream4_IRQHandler
                0x080017ec                USART1_IRQHandler
                0x080017ec                OTG_FS_IRQHandler
                0x080017ec                SPI3_IRQHandler
                0x080017ec                DMA1_Stream4_IRQHandler
                0x080017ec                I2C1_ER_IRQHandler
                0x080017ec                FMC_IRQHandler
                0x080017ec                DMA2_Stream6_IRQHandler
                0x080017ec                SAI1_IRQHandler
                0x080017ec                DMA1_Stream3_IRQHandler
 *fill*         0x080017ee        0x2 
 .text.HAL_Init
                0x080017f0       0x44 ./Drivers/STM32F4xx_HAL_Driver/stm32f4xx_hal.o
                0x080017f0                HAL_Init
 .text.HAL_IncTick
                0x08001834       0x28 ./Drivers/STM32F4xx_HAL_Driver/stm32f4xx_hal.o
                0x08001834                HAL_IncTick
 .text.HAL_GetTick
                0x0800185c       0x18 ./Drivers/STM32F4xx_HAL_Driver/stm32f4xx_hal.o
                0x0800185c                HAL_GetTick
 .text.HAL_Delay
                0x08001874       0x48 ./Drivers/STM32F4xx_HAL_Driver/stm32f4xx_hal.o
                0x08001874                HAL_Delay
 .text.__NVIC_SetPriorityGrouping
                0x080018bc       0x48 ./Drivers/STM32F4xx_HAL_Driver/stm32f4xx_hal_cortex.o
 .text.__NVIC_GetPriorityGrouping
                0x08001904       0x1c ./Drivers/STM32F4xx_HAL_Driver/stm32f4xx_hal_cortex.o
 .text.__NVIC_EnableIRQ
                0x08001920       0x3c ./Drivers/STM32F4xx_HAL_Driver/stm32f4xx_hal_cortex.o
 .text.__NVIC_SetPriority
                0x0800195c       0x54 ./Drivers/STM32F4xx_HAL_Driver/stm32f4xx_hal_cortex.o
 .text.NVIC_EncodePriority
                0x080019b0       0x66 ./Drivers/STM32F4xx_HAL_Driver/stm32f4xx_hal_cortex.o
 .text.HAL_NVIC_SetPriorityGrouping
                0x08001a16       0x16 ./Drivers/STM32F4xx_HAL_Driver/stm32f4xx_hal_cortex.o
                0x08001a16                HAL_NVIC_SetPriorityGrouping
 .text.HAL_NVIC_SetPriority
                0x08001a2c       0x38 ./Drivers/STM32F4xx_HAL_Driver/stm32f4xx_hal_cortex.o
                0x08001a2c                HAL_NVIC_SetPriority
 .text.HAL_NVIC_EnableIRQ
                0x08001a64       0x1c ./Drivers/STM32F4xx_HAL_Driver/stm32f4xx_hal_cortex.o
                0x08001a64                HAL_NVIC_EnableIRQ
 .text.HAL_CRC_Init
                0x08001a80       0x38 ./Drivers/STM32F4xx_HAL_Driver/stm32f4xx_hal_crc.o
                0x08001a80                HAL_CRC_Init
 .text.HAL_DMA2D_Init
                0x08001ab8       0x92 ./Drivers/STM32F4xx_HAL_Driver/stm32f4xx_hal_dma2d.o
                0x08001ab8                HAL_DMA2D_Init
 .text.HAL_DMA2D_IRQHandler
                0x08001b4a      0x1f8 ./Drivers/STM32F4xx_HAL_Driver/stm32f4xx_hal_dma2d.o
                0x08001b4a                HAL_DMA2D_IRQHandler
 .text.HAL_DMA2D_LineEventCallback
                0x08001d42       0x14 ./Drivers/STM32F4xx_HAL_Driver/stm32f4xx_hal_dma2d.o
                0x08001d42                HAL_DMA2D_LineEventCallback
 .text.HAL_DMA2D_CLUTLoadingCpltCallback
                0x08001d56       0x14 ./Drivers/STM32F4xx_HAL_Driver/stm32f4xx_hal_dma2d.o
                0x08001d56                HAL_DMA2D_CLUTLoadingCpltCallback
 *fill*         0x08001d6a        0x2 
 .text.HAL_DMA2D_ConfigLayer
                0x08001d6c      0x124 ./Drivers/STM32F4xx_HAL_Driver/stm32f4xx_hal_dma2d.o
                0x08001d6c                HAL_DMA2D_ConfigLayer
 .text.HAL_GPIO_Init
                0x08001e90      0x358 ./Drivers/STM32F4xx_HAL_Driver/stm32f4xx_hal_gpio.o
                0x08001e90                HAL_GPIO_Init
 .text.HAL_GPIO_WritePin
                0x080021e8       0x32 ./Drivers/STM32F4xx_HAL_Driver/stm32f4xx_hal_gpio.o
                0x080021e8                HAL_GPIO_WritePin
 .text.HAL_GPIO_TogglePin
                0x0800221a       0x34 ./Drivers/STM32F4xx_HAL_Driver/stm32f4xx_hal_gpio.o
                0x0800221a                HAL_GPIO_TogglePin
 .text.HAL_HCD_Init
                0x0800224e       0xce ./Drivers/STM32F4xx_HAL_Driver/stm32f4xx_hal_hcd.o
                0x0800224e                HAL_HCD_Init
 .text.HAL_HCD_HC_Init
                0x0800231c      0x170 ./Drivers/STM32F4xx_HAL_Driver/stm32f4xx_hal_hcd.o
                0x0800231c                HAL_HCD_HC_Init
 .text.HAL_HCD_HC_Halt
                0x0800248c       0x46 ./Drivers/STM32F4xx_HAL_Driver/stm32f4xx_hal_hcd.o
                0x0800248c                HAL_HCD_HC_Halt
 *fill*         0x080024d2        0x2 
 .text.HAL_HCD_HC_SubmitRequest
                0x080024d4      0x33c ./Drivers/STM32F4xx_HAL_Driver/stm32f4xx_hal_hcd.o
                0x080024d4                HAL_HCD_HC_SubmitRequest
 .text.HAL_HCD_IRQHandler
                0x08002810      0x220 ./Drivers/STM32F4xx_HAL_Driver/stm32f4xx_hal_hcd.o
                0x08002810                HAL_HCD_IRQHandler
 .text.HAL_HCD_Start
                0x08002a30       0x46 ./Drivers/STM32F4xx_HAL_Driver/stm32f4xx_hal_hcd.o
                0x08002a30                HAL_HCD_Start
 .text.HAL_HCD_Stop
                0x08002a76       0x3a ./Drivers/STM32F4xx_HAL_Driver/stm32f4xx_hal_hcd.o
                0x08002a76                HAL_HCD_Stop
 .text.HAL_HCD_ResetPort
                0x08002ab0       0x1c ./Drivers/STM32F4xx_HAL_Driver/stm32f4xx_hal_hcd.o
                0x08002ab0                HAL_HCD_ResetPort
 .text.HAL_HCD_HC_GetURBState
                0x08002acc       0x2a ./Drivers/STM32F4xx_HAL_Driver/stm32f4xx_hal_hcd.o
                0x08002acc                HAL_HCD_HC_GetURBState
 .text.HAL_HCD_HC_GetXferCount
                0x08002af6       0x2a ./Drivers/STM32F4xx_HAL_Driver/stm32f4xx_hal_hcd.o
                0x08002af6                HAL_HCD_HC_GetXferCount
 .text.HAL_HCD_GetCurrentFrame
                0x08002b20       0x1c ./Drivers/STM32F4xx_HAL_Driver/stm32f4xx_hal_hcd.o
                0x08002b20                HAL_HCD_GetCurrentFrame
 .text.HAL_HCD_GetCurrentSpeed
                0x08002b3c       0x1c ./Drivers/STM32F4xx_HAL_Driver/stm32f4xx_hal_hcd.o
                0x08002b3c                HAL_HCD_GetCurrentSpeed
 .text.HAL_HCD_HC_ClearHubInfo
                0x08002b58       0x6a ./Drivers/STM32F4xx_HAL_Driver/stm32f4xx_hal_hcd.o
                0x08002b58                HAL_HCD_HC_ClearHubInfo
 .text.HCD_HC_IN_IRQHandler
                0x08002bc2      0xcd2 ./Drivers/STM32F4xx_HAL_Driver/stm32f4xx_hal_hcd.o
 .text.HCD_HC_OUT_IRQHandler
                0x08003894      0x97e ./Drivers/STM32F4xx_HAL_Driver/stm32f4xx_hal_hcd.o
 .text.HCD_RXQLVL_IRQHandler
                0x08004212      0x1be ./Drivers/STM32F4xx_HAL_Driver/stm32f4xx_hal_hcd.o
 .text.HCD_Port_IRQHandler
                0x080043d0       0xe6 ./Drivers/STM32F4xx_HAL_Driver/stm32f4xx_hal_hcd.o
 *fill*         0x080044b6        0x2 
 .text.HAL_I2C_Init
                0x080044b8      0x288 ./Drivers/STM32F4xx_HAL_Driver/stm32f4xx_hal_i2c.o
                0x080044b8                HAL_I2C_Init
 .text.HAL_I2CEx_ConfigAnalogFilter
                0x08004740       0x78 ./Drivers/STM32F4xx_HAL_Driver/stm32f4xx_hal_i2c_ex.o
                0x08004740                HAL_I2CEx_ConfigAnalogFilter
 .text.HAL_I2CEx_ConfigDigitalFilter
                0x080047b8       0x7e ./Drivers/STM32F4xx_HAL_Driver/stm32f4xx_hal_i2c_ex.o
                0x080047b8                HAL_I2CEx_ConfigDigitalFilter
 *fill*         0x08004836        0x2 
 .text.HAL_LTDC_Init
                0x08004838      0x1a0 ./Drivers/STM32F4xx_HAL_Driver/stm32f4xx_hal_ltdc.o
                0x08004838                HAL_LTDC_Init
 .text.HAL_LTDC_IRQHandler
                0x080049d8      0x148 ./Drivers/STM32F4xx_HAL_Driver/stm32f4xx_hal_ltdc.o
                0x080049d8                HAL_LTDC_IRQHandler
 .text.HAL_LTDC_ErrorCallback
                0x08004b20       0x14 ./Drivers/STM32F4xx_HAL_Driver/stm32f4xx_hal_ltdc.o
                0x08004b20                HAL_LTDC_ErrorCallback
 .text.HAL_LTDC_LineEventCallback
                0x08004b34       0x14 ./Drivers/STM32F4xx_HAL_Driver/stm32f4xx_hal_ltdc.o
                0x08004b34                HAL_LTDC_LineEventCallback
 .text.HAL_LTDC_ReloadEventCallback
                0x08004b48       0x14 ./Drivers/STM32F4xx_HAL_Driver/stm32f4xx_hal_ltdc.o
                0x08004b48                HAL_LTDC_ReloadEventCallback
 .text.HAL_LTDC_ConfigLayer
                0x08004b5c       0x7c ./Drivers/STM32F4xx_HAL_Driver/stm32f4xx_hal_ltdc.o
                0x08004b5c                HAL_LTDC_ConfigLayer
 .text.LTDC_SetConfig
                0x08004bd8      0x32e ./Drivers/STM32F4xx_HAL_Driver/stm32f4xx_hal_ltdc.o
 *fill*         0x08004f06        0x2 
 .text.HAL_RCC_OscConfig
                0x08004f08      0x4f0 ./Drivers/STM32F4xx_HAL_Driver/stm32f4xx_hal_rcc.o
                0x08004f08                HAL_RCC_OscConfig
 .text.HAL_RCC_ClockConfig
                0x080053f8      0x1cc ./Drivers/STM32F4xx_HAL_Driver/stm32f4xx_hal_rcc.o
                0x080053f8                HAL_RCC_ClockConfig
 .text.HAL_RCC_GetSysClockFreq
                0x080055c4      0x20c ./Drivers/STM32F4xx_HAL_Driver/stm32f4xx_hal_rcc.o
                0x080055c4                HAL_RCC_GetSysClockFreq
 .text.HAL_RCC_GetHCLKFreq
                0x080057d0       0x18 ./Drivers/STM32F4xx_HAL_Driver/stm32f4xx_hal_rcc.o
                0x080057d0                HAL_RCC_GetHCLKFreq
 .text.HAL_RCC_GetPCLK1Freq
                0x080057e8       0x28 ./Drivers/STM32F4xx_HAL_Driver/stm32f4xx_hal_rcc.o
                0x080057e8                HAL_RCC_GetPCLK1Freq
 .text.HAL_RCC_GetPCLK2Freq
                0x08005810       0x28 ./Drivers/STM32F4xx_HAL_Driver/stm32f4xx_hal_rcc.o
                0x08005810                HAL_RCC_GetPCLK2Freq
 .text.HAL_RCC_GetClockConfig
                0x08005838       0x64 ./Drivers/STM32F4xx_HAL_Driver/stm32f4xx_hal_rcc.o
                0x08005838                HAL_RCC_GetClockConfig
 .text.HAL_RCCEx_PeriphCLKConfig
                0x0800589c      0x380 ./Drivers/STM32F4xx_HAL_Driver/stm32f4xx_hal_rcc_ex.o
                0x0800589c                HAL_RCCEx_PeriphCLKConfig
 .text.HAL_SDRAM_Init
                0x08005c1c       0x68 ./Drivers/STM32F4xx_HAL_Driver/stm32f4xx_hal_sdram.o
                0x08005c1c                HAL_SDRAM_Init
 .text.HAL_SPI_Init
                0x08005c84      0x112 ./Drivers/STM32F4xx_HAL_Driver/stm32f4xx_hal_spi.o
                0x08005c84                HAL_SPI_Init
 .text.HAL_TIM_Base_Init
                0x08005d96       0x9e ./Drivers/STM32F4xx_HAL_Driver/stm32f4xx_hal_tim.o
                0x08005d96                HAL_TIM_Base_Init
 .text.HAL_TIM_Base_Start_IT
                0x08005e34       0xe0 ./Drivers/STM32F4xx_HAL_Driver/stm32f4xx_hal_tim.o
                0x08005e34                HAL_TIM_Base_Start_IT
 .text.HAL_TIM_IRQHandler
                0x08005f14      0x1e0 ./Drivers/STM32F4xx_HAL_Driver/stm32f4xx_hal_tim.o
                0x08005f14                HAL_TIM_IRQHandler
 .text.HAL_TIM_ConfigClockSource
                0x080060f4      0x18e ./Drivers/STM32F4xx_HAL_Driver/stm32f4xx_hal_tim.o
                0x080060f4                HAL_TIM_ConfigClockSource
 .text.HAL_TIM_OC_DelayElapsedCallback
                0x08006282       0x14 ./Drivers/STM32F4xx_HAL_Driver/stm32f4xx_hal_tim.o
                0x08006282                HAL_TIM_OC_DelayElapsedCallback
 .text.HAL_TIM_IC_CaptureCallback
                0x08006296       0x14 ./Drivers/STM32F4xx_HAL_Driver/stm32f4xx_hal_tim.o
                0x08006296                HAL_TIM_IC_CaptureCallback
 .text.HAL_TIM_PWM_PulseFinishedCallback
                0x080062aa       0x14 ./Drivers/STM32F4xx_HAL_Driver/stm32f4xx_hal_tim.o
                0x080062aa                HAL_TIM_PWM_PulseFinishedCallback
 .text.HAL_TIM_TriggerCallback
                0x080062be       0x14 ./Drivers/STM32F4xx_HAL_Driver/stm32f4xx_hal_tim.o
                0x080062be                HAL_TIM_TriggerCallback
 *fill*         0x080062d2        0x2 
 .text.TIM_Base_SetConfig
                0x080062d4      0x158 ./Drivers/STM32F4xx_HAL_Driver/stm32f4xx_hal_tim.o
                0x080062d4                TIM_Base_SetConfig
 .text.TIM_TI1_ConfigInputStage
                0x0800642c       0x5e ./Drivers/STM32F4xx_HAL_Driver/stm32f4xx_hal_tim.o
 .text.TIM_TI2_ConfigInputStage
                0x0800648a       0x60 ./Drivers/STM32F4xx_HAL_Driver/stm32f4xx_hal_tim.o
 .text.TIM_ITRx_SetConfig
                0x080064ea       0x36 ./Drivers/STM32F4xx_HAL_Driver/stm32f4xx_hal_tim.o
 .text.TIM_ETR_SetConfig
                0x08006520       0x40 ./Drivers/STM32F4xx_HAL_Driver/stm32f4xx_hal_tim.o
                0x08006520                TIM_ETR_SetConfig
 .text.HAL_TIMEx_MasterConfigSynchronization
                0x08006560       0xf8 ./Drivers/STM32F4xx_HAL_Driver/stm32f4xx_hal_tim_ex.o
                0x08006560                HAL_TIMEx_MasterConfigSynchronization
 .text.HAL_TIMEx_CommutCallback
                0x08006658       0x14 ./Drivers/STM32F4xx_HAL_Driver/stm32f4xx_hal_tim_ex.o
                0x08006658                HAL_TIMEx_CommutCallback
 .text.HAL_TIMEx_BreakCallback
                0x0800666c       0x14 ./Drivers/STM32F4xx_HAL_Driver/stm32f4xx_hal_tim_ex.o
                0x0800666c                HAL_TIMEx_BreakCallback
 .text.HAL_UART_Init
                0x08006680       0xa0 ./Drivers/STM32F4xx_HAL_Driver/stm32f4xx_hal_uart.o
                0x08006680                HAL_UART_Init
 .text.HAL_HalfDuplex_Init
                0x08006720       0xb0 ./Drivers/STM32F4xx_HAL_Driver/stm32f4xx_hal_uart.o
                0x08006720                HAL_HalfDuplex_Init
 .text.HAL_UART_Transmit
                0x080067d0      0x116 ./Drivers/STM32F4xx_HAL_Driver/stm32f4xx_hal_uart.o
                0x080067d0                HAL_UART_Transmit
 .text.UART_WaitOnFlagUntilTimeout
                0x080068e6       0xb2 ./Drivers/STM32F4xx_HAL_Driver/stm32f4xx_hal_uart.o
 .text.UART_EndRxTransfer
                0x08006998       0xc6 ./Drivers/STM32F4xx_HAL_Driver/stm32f4xx_hal_uart.o
 *fill*         0x08006a5e        0x2 
 .text.UART_SetConfig
                0x08006a60      0x4e8 ./Drivers/STM32F4xx_HAL_Driver/stm32f4xx_hal_uart.o
 .text.FMC_SDRAM_Init
                0x08006f48       0xba ./Drivers/STM32F4xx_HAL_Driver/stm32f4xx_ll_fmc.o
                0x08006f48                FMC_SDRAM_Init
 .text.FMC_SDRAM_Timing_Init
                0x08007002       0xd2 ./Drivers/STM32F4xx_HAL_Driver/stm32f4xx_ll_fmc.o
                0x08007002                FMC_SDRAM_Timing_Init
 .text.USB_CoreInit
                0x080070d4       0xc8 ./Drivers/STM32F4xx_HAL_Driver/stm32f4xx_ll_usb.o
                0x080070d4                USB_CoreInit
 .text.USB_EnableGlobalInt
                0x0800719c       0x22 ./Drivers/STM32F4xx_HAL_Driver/stm32f4xx_ll_usb.o
                0x0800719c                USB_EnableGlobalInt
 .text.USB_DisableGlobalInt
                0x080071be       0x22 ./Drivers/STM32F4xx_HAL_Driver/stm32f4xx_ll_usb.o
                0x080071be                USB_DisableGlobalInt
 .text.USB_SetCurrentMode
                0x080071e0       0x98 ./Drivers/STM32F4xx_HAL_Driver/stm32f4xx_ll_usb.o
                0x080071e0                USB_SetCurrentMode
 .text.USB_FlushTxFifo
                0x08007278       0x64 ./Drivers/STM32F4xx_HAL_Driver/stm32f4xx_ll_usb.o
                0x08007278                USB_FlushTxFifo
 .text.USB_FlushRxFifo
                0x080072dc       0x5c ./Drivers/STM32F4xx_HAL_Driver/stm32f4xx_ll_usb.o
                0x080072dc                USB_FlushRxFifo
 .text.USB_WritePacket
                0x08007338       0x7c ./Drivers/STM32F4xx_HAL_Driver/stm32f4xx_ll_usb.o
                0x08007338                USB_WritePacket
 .text.USB_ReadPacket
                0x080073b4       0xb0 ./Drivers/STM32F4xx_HAL_Driver/stm32f4xx_ll_usb.o
                0x080073b4                USB_ReadPacket
 .text.USB_ReadInterrupts
                0x08007464       0x26 ./Drivers/STM32F4xx_HAL_Driver/stm32f4xx_ll_usb.o
                0x08007464                USB_ReadInterrupts
 .text.USB_ReadChInterrupts
                0x0800748a       0x42 ./Drivers/STM32F4xx_HAL_Driver/stm32f4xx_ll_usb.o
                0x0800748a                USB_ReadChInterrupts
 .text.USB_GetMode
                0x080074cc       0x1c ./Drivers/STM32F4xx_HAL_Driver/stm32f4xx_ll_usb.o
                0x080074cc                USB_GetMode
 .text.USB_CoreReset
                0x080074e8       0x62 ./Drivers/STM32F4xx_HAL_Driver/stm32f4xx_ll_usb.o
 *fill*         0x0800754a        0x2 
 .text.USB_HostInit
                0x0800754c      0x188 ./Drivers/STM32F4xx_HAL_Driver/stm32f4xx_ll_usb.o
                0x0800754c                USB_HostInit
 .text.USB_InitFSLSPClkSel
                0x080076d4       0x7a ./Drivers/STM32F4xx_HAL_Driver/stm32f4xx_ll_usb.o
                0x080076d4                USB_InitFSLSPClkSel
 .text.USB_ResetPort
                0x0800774e       0x54 ./Drivers/STM32F4xx_HAL_Driver/stm32f4xx_ll_usb.o
                0x0800774e                USB_ResetPort
 .text.USB_DriveVbus
                0x080077a2       0x72 ./Drivers/STM32F4xx_HAL_Driver/stm32f4xx_ll_usb.o
                0x080077a2                USB_DriveVbus
 .text.USB_GetHostSpeed
                0x08007814       0x2e ./Drivers/STM32F4xx_HAL_Driver/stm32f4xx_ll_usb.o
                0x08007814                USB_GetHostSpeed
 .text.USB_GetCurrentFrame
                0x08007842       0x22 ./Drivers/STM32F4xx_HAL_Driver/stm32f4xx_ll_usb.o
                0x08007842                USB_GetCurrentFrame
 .text.USB_HC_Init
                0x08007864      0x258 ./Drivers/STM32F4xx_HAL_Driver/stm32f4xx_ll_usb.o
                0x08007864                USB_HC_Init
 .text.USB_HC_StartXfer
                0x08007abc      0x4f4 ./Drivers/STM32F4xx_HAL_Driver/stm32f4xx_ll_usb.o
                0x08007abc                USB_HC_StartXfer
 .text.USB_HC_ReadInterrupt
                0x08007fb0       0x22 ./Drivers/STM32F4xx_HAL_Driver/stm32f4xx_ll_usb.o
                0x08007fb0                USB_HC_ReadInterrupt
 .text.USB_HC_Halt
                0x08007fd2      0x240 ./Drivers/STM32F4xx_HAL_Driver/stm32f4xx_ll_usb.o
                0x08007fd2                USB_HC_Halt
 *fill*         0x08008212        0x2 
 .text.USB_DoPing
                0x08008214       0x78 ./Drivers/STM32F4xx_HAL_Driver/stm32f4xx_ll_usb.o
                0x08008214                USB_DoPing
 .text.USB_StopHost
                0x0800828c      0x124 ./Drivers/STM32F4xx_HAL_Driver/stm32f4xx_ll_usb.o
                0x0800828c                USB_StopHost
 .text.makeFreeRtosPriority
                0x080083b0       0x30 ./Middlewares/FreeRTOS/cmsis_os.o
 .text.inHandlerMode
                0x080083e0       0x24 ./Middlewares/FreeRTOS/cmsis_os.o
 .text.osThreadCreate
                0x08008404       0x98 ./Middlewares/FreeRTOS/cmsis_os.o
                0x08008404                osThreadCreate
 .text.osDelay  0x0800849c       0x28 ./Middlewares/FreeRTOS/cmsis_os.o
                0x0800849c                osDelay
 .text.osMessageCreate
                0x080084c4       0x50 ./Middlewares/FreeRTOS/cmsis_os.o
                0x080084c4                osMessageCreate
 .text.osMessagePut
                0x08008514       0x80 ./Middlewares/FreeRTOS/cmsis_os.o
                0x08008514                osMessagePut
 .text.osMessageGet
                0x08008594       0xe8 ./Middlewares/FreeRTOS/cmsis_os.o
                0x08008594                osMessageGet
 .text.pvPortMalloc
                0x0800867c      0x1a8 ./Middlewares/FreeRTOS/heap_4.o
                0x0800867c                pvPortMalloc
 .text.vPortFree
                0x08008824       0xc8 ./Middlewares/FreeRTOS/heap_4.o
                0x08008824                vPortFree
 .text.prvHeapInit
                0x080088ec       0xc4 ./Middlewares/FreeRTOS/heap_4.o
 .text.prvInsertBlockIntoFreeList
                0x080089b0       0xb4 ./Middlewares/FreeRTOS/heap_4.o
 .text.vListInitialise
                0x08008a64       0x40 ./Middlewares/FreeRTOS/list.o
                0x08008a64                vListInitialise
 .text.vListInitialiseItem
                0x08008aa4       0x1a ./Middlewares/FreeRTOS/list.o
                0x08008aa4                vListInitialiseItem
 .text.vListInsertEnd
                0x08008abe       0x48 ./Middlewares/FreeRTOS/list.o
                0x08008abe                vListInsertEnd
 .text.vListInsert
                0x08008b06       0x72 ./Middlewares/FreeRTOS/list.o
                0x08008b06                vListInsert
 .text.uxListRemove
                0x08008b78       0x54 ./Middlewares/FreeRTOS/list.o
                0x08008b78                uxListRemove
 .text.pxPortInitialiseStack
                0x08008bcc       0x68 ./Middlewares/FreeRTOS/port.o
                0x08008bcc                pxPortInitialiseStack
 .text.prvTaskExitError
                0x08008c34       0x5c ./Middlewares/FreeRTOS/port.o
 .text.SVC_Handler
                0x08008c90       0x28 ./Middlewares/FreeRTOS/port.o
                0x08008c90                SVC_Handler
 .text.prvPortStartFirstTask
                0x08008cb8       0x28 ./Middlewares/FreeRTOS/port.o
 .text.xPortStartScheduler
                0x08008ce0      0x148 ./Middlewares/FreeRTOS/port.o
                0x08008ce0                xPortStartScheduler
 .text.vPortEnterCritical
                0x08008e28       0x64 ./Middlewares/FreeRTOS/port.o
                0x08008e28                vPortEnterCritical
 .text.vPortExitCritical
                0x08008e8c       0x54 ./Middlewares/FreeRTOS/port.o
                0x08008e8c                vPortExitCritical
 .text.PendSV_Handler
                0x08008ee0       0x68 ./Middlewares/FreeRTOS/port.o
                0x08008ee0                PendSV_Handler
 .text.SysTick_Handler
                0x08008f48       0x44 ./Middlewares/FreeRTOS/port.o
                0x08008f48                SysTick_Handler
 .text.vPortSetupTimerInterrupt
                0x08008f8c       0x48 ./Middlewares/FreeRTOS/port.o
                0x08008f8c                vPortSetupTimerInterrupt
 .text.vPortEnableVFP
                0x08008fd4       0x14 ./Middlewares/FreeRTOS/port.o
 .text.vPortValidateInterruptPriority
                0x08008fe8       0x84 ./Middlewares/FreeRTOS/port.o
                0x08008fe8                vPortValidateInterruptPriority
 .text.xQueueGenericReset
                0x0800906c       0xd4 ./Middlewares/FreeRTOS/queue.o
                0x0800906c                xQueueGenericReset
 .text.xQueueGenericCreateStatic
                0x08009140       0xfa ./Middlewares/FreeRTOS/queue.o
                0x08009140                xQueueGenericCreateStatic
 .text.xQueueGenericCreate
                0x0800923a       0x76 ./Middlewares/FreeRTOS/queue.o
                0x0800923a                xQueueGenericCreate
 .text.prvInitialiseNewQueue
                0x080092b0       0x3e ./Middlewares/FreeRTOS/queue.o
 *fill*         0x080092ee        0x2 
 .text.xQueueGenericSend
                0x080092f0      0x204 ./Middlewares/FreeRTOS/queue.o
                0x080092f0                xQueueGenericSend
 .text.xQueueGenericSendFromISR
                0x080094f4      0x13c ./Middlewares/FreeRTOS/queue.o
                0x080094f4                xQueueGenericSendFromISR
 .text.xQueueReceive
                0x08009630      0x1c4 ./Middlewares/FreeRTOS/queue.o
                0x08009630                xQueueReceive
 .text.xQueueReceiveFromISR
                0x080097f4      0x104 ./Middlewares/FreeRTOS/queue.o
                0x080097f4                xQueueReceiveFromISR
 .text.prvCopyDataToQueue
                0x080098f8       0xd4 ./Middlewares/FreeRTOS/queue.o
 .text.prvCopyDataFromQueue
                0x080099cc       0x4c ./Middlewares/FreeRTOS/queue.o
 .text.prvUnlockQueue
                0x08009a18       0xa4 ./Middlewares/FreeRTOS/queue.o
 .text.prvIsQueueEmpty
                0x08009abc       0x2c ./Middlewares/FreeRTOS/queue.o
 .text.prvIsQueueFull
                0x08009ae8       0x30 ./Middlewares/FreeRTOS/queue.o
 .text.xTaskCreateStatic
                0x08009b18       0xc0 ./Middlewares/FreeRTOS/tasks.o
                0x08009b18                xTaskCreateStatic
 .text.xTaskCreate
                0x08009bd8       0x8a ./Middlewares/FreeRTOS/tasks.o
                0x08009bd8                xTaskCreate
 *fill*         0x08009c62        0x2 
 .text.prvInitialiseNewTask
                0x08009c64      0x154 ./Middlewares/FreeRTOS/tasks.o
 .text.prvAddNewTaskToReadyList
                0x08009db8       0xd4 ./Middlewares/FreeRTOS/tasks.o
 .text.vTaskDelay
                0x08009e8c       0x6c ./Middlewares/FreeRTOS/tasks.o
                0x08009e8c                vTaskDelay
 .text.vTaskStartScheduler
                0x08009ef8       0xd4 ./Middlewares/FreeRTOS/tasks.o
                0x08009ef8                vTaskStartScheduler
 .text.vTaskSuspendAll
                0x08009fcc       0x1c ./Middlewares/FreeRTOS/tasks.o
                0x08009fcc                vTaskSuspendAll
 .text.xTaskResumeAll
                0x08009fe8      0x13c ./Middlewares/FreeRTOS/tasks.o
                0x08009fe8                xTaskResumeAll
 .text.xTaskIncrementTick
                0x0800a124      0x174 ./Middlewares/FreeRTOS/tasks.o
                0x0800a124                xTaskIncrementTick
 .text.vTaskSwitchContext
                0x0800a298      0x110 ./Middlewares/FreeRTOS/tasks.o
                0x0800a298                vTaskSwitchContext
 .text.vTaskPlaceOnEventList
                0x0800a3a8       0x4c ./Middlewares/FreeRTOS/tasks.o
                0x0800a3a8                vTaskPlaceOnEventList
 .text.xTaskRemoveFromEventList
                0x0800a3f4       0xc8 ./Middlewares/FreeRTOS/tasks.o
                0x0800a3f4                xTaskRemoveFromEventList
 .text.vTaskInternalSetTimeOutState
                0x0800a4bc       0x2c ./Middlewares/FreeRTOS/tasks.o
                0x0800a4bc                vTaskInternalSetTimeOutState
 .text.xTaskCheckForTimeOut
                0x0800a4e8       0xc8 ./Middlewares/FreeRTOS/tasks.o
                0x0800a4e8                xTaskCheckForTimeOut
 .text.vTaskMissedYield
                0x0800a5b0       0x18 ./Middlewares/FreeRTOS/tasks.o
                0x0800a5b0                vTaskMissedYield
 .text.prvIdleTask
                0x0800a5c8       0x34 ./Middlewares/FreeRTOS/tasks.o
 .text.prvInitialiseTaskLists
                0x0800a5fc       0x80 ./Middlewares/FreeRTOS/tasks.o
 .text.prvCheckTasksWaitingTermination
                0x0800a67c       0x5c ./Middlewares/FreeRTOS/tasks.o
 .text.prvDeleteTCB
                0x0800a6d8       0x6a ./Middlewares/FreeRTOS/tasks.o
 *fill*         0x0800a742        0x2 
 .text.prvResetNextTaskUnblockTime
                0x0800a744       0x40 ./Middlewares/FreeRTOS/tasks.o
 .text.xTaskGetSchedulerState
                0x0800a784       0x3c ./Middlewares/FreeRTOS/tasks.o
                0x0800a784                xTaskGetSchedulerState
 .text.xTaskPriorityDisinherit
                0x0800a7c0      0x110 ./Middlewares/FreeRTOS/tasks.o
                0x0800a7c0                xTaskPriorityDisinherit
 .text.prvAddCurrentTaskToDelayedList
                0x0800a8d0       0xcc ./Middlewares/FreeRTOS/tasks.o
 .text.USBH_CDC_InterfaceInit
                0x0800a99c      0x2ac ./Middlewares/USB_Host_Library/usbh_cdc.o
 .text.USBH_CDC_InterfaceDeInit
                0x0800ac48       0xb2 ./Middlewares/USB_Host_Library/usbh_cdc.o
 .text.USBH_CDC_ClassRequest
                0x0800acfa       0x3e ./Middlewares/USB_Host_Library/usbh_cdc.o
 .text.USBH_CDC_Process
                0x0800ad38      0x12c ./Middlewares/USB_Host_Library/usbh_cdc.o
 .text.USBH_CDC_SOFProcess
                0x0800ae64       0x16 ./Middlewares/USB_Host_Library/usbh_cdc.o
 .text.GetLineCoding
                0x0800ae7a       0x3e ./Middlewares/USB_Host_Library/usbh_cdc.o
 .text.SetLineCoding
                0x0800aeb8       0x3e ./Middlewares/USB_Host_Library/usbh_cdc.o
 .text.CDC_ProcessTransmission
                0x0800aef6      0x124 ./Middlewares/USB_Host_Library/usbh_cdc.o
 .text.CDC_ProcessReception
                0x0800b01a       0xd2 ./Middlewares/USB_Host_Library/usbh_cdc.o
 .text.USBH_CDC_TransmitCallback
                0x0800b0ec       0x14 ./Middlewares/USB_Host_Library/usbh_cdc.o
                0x0800b0ec                USBH_CDC_TransmitCallback
 .text.USBH_CDC_ReceiveCallback
                0x0800b100       0x14 ./Middlewares/USB_Host_Library/usbh_cdc.o
                0x0800b100                USBH_CDC_ReceiveCallback
 .text.USBH_CDC_LineCodingChanged
                0x0800b114       0x14 ./Middlewares/USB_Host_Library/usbh_cdc.o
                0x0800b114                USBH_CDC_LineCodingChanged
 .text.USBH_Init
                0x0800b128       0xc4 ./Middlewares/USB_Host_Library/usbh_core.o
                0x0800b128                USBH_Init
 .text.DeInitStateMachine
                0x0800b1ec       0xe6 ./Middlewares/USB_Host_Library/usbh_core.o
 .text.USBH_RegisterClass
                0x0800b2d2       0x54 ./Middlewares/USB_Host_Library/usbh_core.o
                0x0800b2d2                USBH_RegisterClass
 .text.USBH_SelectInterface
                0x0800b326       0x38 ./Middlewares/USB_Host_Library/usbh_core.o
                0x0800b326                USBH_SelectInterface
 .text.USBH_FindInterface
                0x0800b35e       0x8c ./Middlewares/USB_Host_Library/usbh_core.o
                0x0800b35e                USBH_FindInterface
 .text.USBH_Start
                0x0800b3ea       0x20 ./Middlewares/USB_Host_Library/usbh_core.o
                0x0800b3ea                USBH_Start
 *fill*         0x0800b40a        0x2 
 .text.USBH_Process
                0x0800b40c      0x4d4 ./Middlewares/USB_Host_Library/usbh_core.o
                0x0800b40c                USBH_Process
 .text.USBH_HandleEnum
                0x0800b8e0      0x450 ./Middlewares/USB_Host_Library/usbh_core.o
 .text.USBH_LL_SetTimer
                0x0800bd30       0x1e ./Middlewares/USB_Host_Library/usbh_core.o
                0x0800bd30                USBH_LL_SetTimer
 .text.USBH_LL_IncTimer
                0x0800bd4e       0x24 ./Middlewares/USB_Host_Library/usbh_core.o
                0x0800bd4e                USBH_LL_IncTimer
 .text.USBH_HandleSof
                0x0800bd72       0x30 ./Middlewares/USB_Host_Library/usbh_core.o
 .text.USBH_LL_PortEnabled
                0x0800bda2       0x34 ./Middlewares/USB_Host_Library/usbh_core.o
                0x0800bda2                USBH_LL_PortEnabled
 .text.USBH_LL_PortDisabled
                0x0800bdd6       0x1c ./Middlewares/USB_Host_Library/usbh_core.o
                0x0800bdd6                USBH_LL_PortDisabled
 .text.USBH_LL_Connect
                0x0800bdf2       0x46 ./Middlewares/USB_Host_Library/usbh_core.o
                0x0800bdf2                USBH_LL_Connect
 .text.USBH_LL_Disconnect
                0x0800be38       0x64 ./Middlewares/USB_Host_Library/usbh_core.o
                0x0800be38                USBH_LL_Disconnect
 .text.USBH_Process_OS
                0x0800be9c       0x2a ./Middlewares/USB_Host_Library/usbh_core.o
 .text.USBH_LL_NotifyURBChange
                0x0800bec6       0x2e ./Middlewares/USB_Host_Library/usbh_core.o
                0x0800bec6                USBH_LL_NotifyURBChange
 .text.USBH_Get_DevDesc
                0x0800bef4       0x58 ./Middlewares/USB_Host_Library/usbh_ctlreq.o
                0x0800bef4                USBH_Get_DevDesc
 .text.USBH_Get_CfgDesc
                0x0800bf4c       0x54 ./Middlewares/USB_Host_Library/usbh_ctlreq.o
                0x0800bf4c                USBH_Get_CfgDesc
 .text.USBH_Get_StringDesc
                0x0800bfa0       0x68 ./Middlewares/USB_Host_Library/usbh_ctlreq.o
                0x0800bfa0                USBH_Get_StringDesc
 .text.USBH_GetDescriptor
                0x0800c008       0x6a ./Middlewares/USB_Host_Library/usbh_ctlreq.o
                0x0800c008                USBH_GetDescriptor
 .text.USBH_SetAddress
                0x0800c072       0x48 ./Middlewares/USB_Host_Library/usbh_ctlreq.o
                0x0800c072                USBH_SetAddress
 .text.USBH_SetCfg
                0x0800c0ba       0x46 ./Middlewares/USB_Host_Library/usbh_ctlreq.o
                0x0800c0ba                USBH_SetCfg
 .text.USBH_SetFeature
                0x0800c100       0x48 ./Middlewares/USB_Host_Library/usbh_ctlreq.o
                0x0800c100                USBH_SetFeature
 .text.USBH_ClrFeature
                0x0800c148       0x48 ./Middlewares/USB_Host_Library/usbh_ctlreq.o
                0x0800c148                USBH_ClrFeature
 .text.USBH_ParseDevDesc
                0x0800c190      0x160 ./Middlewares/USB_Host_Library/usbh_ctlreq.o
 .text.USBH_ParseCfgDesc
                0x0800c2f0      0x1f0 ./Middlewares/USB_Host_Library/usbh_ctlreq.o
 .text.USBH_ParseInterfaceDesc
                0x0800c4e0       0x68 ./Middlewares/USB_Host_Library/usbh_ctlreq.o
 .text.USBH_ParseEPDesc
                0x0800c548      0x1d0 ./Middlewares/USB_Host_Library/usbh_ctlreq.o
 .text.USBH_ParseStringDesc
                0x0800c718       0x66 ./Middlewares/USB_Host_Library/usbh_ctlreq.o
 .text.USBH_GetNextDesc
                0x0800c77e       0x34 ./Middlewares/USB_Host_Library/usbh_ctlreq.o
                0x0800c77e                USBH_GetNextDesc
 .text.USBH_CtlReq
                0x0800c7b2       0xb2 ./Middlewares/USB_Host_Library/usbh_ctlreq.o
                0x0800c7b2                USBH_CtlReq
 .text.USBH_HandleControl
                0x0800c864      0x490 ./Middlewares/USB_Host_Library/usbh_ctlreq.o
 .text.USBH_CtlSendSetup
                0x0800ccf4       0x34 ./Middlewares/USB_Host_Library/usbh_ioreq.o
                0x0800ccf4                USBH_CtlSendSetup
 .text.USBH_CtlSendData
                0x0800cd28       0x4a ./Middlewares/USB_Host_Library/usbh_ioreq.o
                0x0800cd28                USBH_CtlSendData
 .text.USBH_CtlReceiveData
                0x0800cd72       0x3c ./Middlewares/USB_Host_Library/usbh_ioreq.o
                0x0800cd72                USBH_CtlReceiveData
 .text.USBH_BulkSendData
                0x0800cdae       0x4a ./Middlewares/USB_Host_Library/usbh_ioreq.o
                0x0800cdae                USBH_BulkSendData
 .text.USBH_BulkReceiveData
                0x0800cdf8       0x3c ./Middlewares/USB_Host_Library/usbh_ioreq.o
                0x0800cdf8                USBH_BulkReceiveData
 .text.USBH_OpenPipe
                0x0800ce34       0x3e ./Middlewares/USB_Host_Library/usbh_pipes.o
                0x0800ce34                USBH_OpenPipe
 .text.USBH_ClosePipe
                0x0800ce72       0x20 ./Middlewares/USB_Host_Library/usbh_pipes.o
                0x0800ce72                USBH_ClosePipe
 .text.USBH_AllocPipe
                0x0800ce92       0x42 ./Middlewares/USB_Host_Library/usbh_pipes.o
                0x0800ce92                USBH_AllocPipe
 .text.USBH_FreePipe
                0x0800ced4       0x3c ./Middlewares/USB_Host_Library/usbh_pipes.o
                0x0800ced4                USBH_FreePipe
 .text.USBH_GetFreePipe
                0x0800cf10       0x48 ./Middlewares/USB_Host_Library/usbh_pipes.o
 .text.MX_USB_HOST_Init
                0x0800cf58       0x4c ./USB_HOST/App/usb_host.o
                0x0800cf58                MX_USB_HOST_Init
 .text.USBH_UserProcess
                0x0800cfa4       0x5c ./USB_HOST/App/usb_host.o
 .text.HAL_HCD_MspInit
                0x0800d000       0xbc ./USB_HOST/Target/usbh_conf.o
                0x0800d000                HAL_HCD_MspInit
 .text.HAL_HCD_SOF_Callback
                0x0800d0bc       0x1c ./USB_HOST/Target/usbh_conf.o
                0x0800d0bc                HAL_HCD_SOF_Callback
 .text.HAL_HCD_Connect_Callback
                0x0800d0d8       0x1c ./USB_HOST/Target/usbh_conf.o
                0x0800d0d8                HAL_HCD_Connect_Callback
 .text.HAL_HCD_Disconnect_Callback
                0x0800d0f4       0x1c ./USB_HOST/Target/usbh_conf.o
                0x0800d0f4                HAL_HCD_Disconnect_Callback
 .text.HAL_HCD_HC_NotifyURBChange_Callback
                0x0800d110       0x24 ./USB_HOST/Target/usbh_conf.o
                0x0800d110                HAL_HCD_HC_NotifyURBChange_Callback
 .text.HAL_HCD_PortEnabled_Callback
                0x0800d134       0x1c ./USB_HOST/Target/usbh_conf.o
                0x0800d134                HAL_HCD_PortEnabled_Callback
 .text.HAL_HCD_PortDisabled_Callback
                0x0800d150       0x1c ./USB_HOST/Target/usbh_conf.o
                0x0800d150                HAL_HCD_PortDisabled_Callback
 .text.USBH_LL_Init
                0x0800d16c       0x8c ./USB_HOST/Target/usbh_conf.o
                0x0800d16c                USBH_LL_Init
 .text.USBH_LL_Start
                0x0800d1f8       0x36 ./USB_HOST/Target/usbh_conf.o
                0x0800d1f8                USBH_LL_Start
 .text.USBH_LL_Stop
                0x0800d22e       0x36 ./USB_HOST/Target/usbh_conf.o
                0x0800d22e                USBH_LL_Stop
 .text.USBH_LL_GetSpeed
                0x0800d264       0x4e ./USB_HOST/Target/usbh_conf.o
                0x0800d264                USBH_LL_GetSpeed
 .text.USBH_LL_ResetPort
                0x0800d2b2       0x36 ./USB_HOST/Target/usbh_conf.o
                0x0800d2b2                USBH_LL_ResetPort
 .text.USBH_LL_GetLastXferSize
                0x0800d2e8       0x26 ./USB_HOST/Target/usbh_conf.o
                0x0800d2e8                USBH_LL_GetLastXferSize
 .text.USBH_LL_OpenPipe
                0x0800d30e       0x5e ./USB_HOST/Target/usbh_conf.o
                0x0800d30e                USBH_LL_OpenPipe
 .text.USBH_LL_ClosePipe
                0x0800d36c       0x3e ./USB_HOST/Target/usbh_conf.o
                0x0800d36c                USBH_LL_ClosePipe
 .text.USBH_LL_SubmitURB
                0x0800d3aa       0x62 ./USB_HOST/Target/usbh_conf.o
                0x0800d3aa                USBH_LL_SubmitURB
 .text.USBH_LL_GetURBState
                0x0800d40c       0x26 ./USB_HOST/Target/usbh_conf.o
                0x0800d40c                USBH_LL_GetURBState
 .text.USBH_LL_DriverVBUS
                0x0800d432       0x2e ./USB_HOST/Target/usbh_conf.o
                0x0800d432                USBH_LL_DriverVBUS
 .text.USBH_LL_SetToggle
                0x0800d460       0x66 ./USB_HOST/Target/usbh_conf.o
                0x0800d460                USBH_LL_SetToggle
 .text.USBH_Delay
                0x0800d4c6       0x16 ./USB_HOST/Target/usbh_conf.o
                0x0800d4c6                USBH_Delay
 .text.USBH_Get_USB_Status
                0x0800d4dc       0x58 ./USB_HOST/Target/usbh_conf.o
                0x0800d4dc                USBH_Get_USB_Status
 .text.MX_DriverVbusHS
                0x0800d534       0x38 ./USB_HOST/Target/usbh_platform.o
                0x0800d534                MX_DriverVbusHS
 .text.malloc   0x0800d56c       0x10 C:/ST/STM32CubeIDE_1.18.1/STM32CubeIDE/plugins/com.st.stm32cube.ide.mcu.externaltools.gnu-tools-for-stm32.13.3.rel1.win32_1.0.0.202411081344/tools/bin/../lib/gcc/arm-none-eabi/13.3.1/../../../../arm-none-eabi/lib/thumb/v7e-m+fp/hard\libc_nano.a(libc_a-malloc.o)
                0x0800d56c                malloc
 .text.free     0x0800d57c       0x10 C:/ST/STM32CubeIDE_1.18.1/STM32CubeIDE/plugins/com.st.stm32cube.ide.mcu.externaltools.gnu-tools-for-stm32.13.3.rel1.win32_1.0.0.202411081344/tools/bin/../lib/gcc/arm-none-eabi/13.3.1/../../../../arm-none-eabi/lib/thumb/v7e-m+fp/hard\libc_nano.a(libc_a-malloc.o)
                0x0800d57c                free
 .text.sbrk_aligned
                0x0800d58c       0x44 C:/ST/STM32CubeIDE_1.18.1/STM32CubeIDE/plugins/com.st.stm32cube.ide.mcu.externaltools.gnu-tools-for-stm32.13.3.rel1.win32_1.0.0.202411081344/tools/bin/../lib/gcc/arm-none-eabi/13.3.1/../../../../arm-none-eabi/lib/thumb/v7e-m+fp/hard\libc_nano.a(libc_a-mallocr.o)
 .text._malloc_r
                0x0800d5d0      0x100 C:/ST/STM32CubeIDE_1.18.1/STM32CubeIDE/plugins/com.st.stm32cube.ide.mcu.externaltools.gnu-tools-for-stm32.13.3.rel1.win32_1.0.0.202411081344/tools/bin/../lib/gcc/arm-none-eabi/13.3.1/../../../../arm-none-eabi/lib/thumb/v7e-m+fp/hard\libc_nano.a(libc_a-mallocr.o)
                0x0800d5d0                _malloc_r
 .text.__malloc_lock
                0x0800d6d0        0xc C:/ST/STM32CubeIDE_1.18.1/STM32CubeIDE/plugins/com.st.stm32cube.ide.mcu.externaltools.gnu-tools-for-stm32.13.3.rel1.win32_1.0.0.202411081344/tools/bin/../lib/gcc/arm-none-eabi/13.3.1/../../../../arm-none-eabi/lib/thumb/v7e-m+fp/hard\libc_nano.a(libc_a-mlock.o)
                0x0800d6d0                __malloc_lock
 .text.__malloc_unlock
                0x0800d6dc        0xc C:/ST/STM32CubeIDE_1.18.1/STM32CubeIDE/plugins/com.st.stm32cube.ide.mcu.externaltools.gnu-tools-for-stm32.13.3.rel1.win32_1.0.0.202411081344/tools/bin/../lib/gcc/arm-none-eabi/13.3.1/../../../../arm-none-eabi/lib/thumb/v7e-m+fp/hard\libc_nano.a(libc_a-mlock.o)
                0x0800d6dc                __malloc_unlock
 .text.memset   0x0800d6e8       0x10 C:/ST/STM32CubeIDE_1.18.1/STM32CubeIDE/plugins/com.st.stm32cube.ide.mcu.externaltools.gnu-tools-for-stm32.13.3.rel1.win32_1.0.0.202411081344/tools/bin/../lib/gcc/arm-none-eabi/13.3.1/../../../../arm-none-eabi/lib/thumb/v7e-m+fp/hard\libc_nano.a(libc_a-memset.o)
                0x0800d6e8                memset
 .text._reclaim_reent
                0x0800d6f8       0xbc C:/ST/STM32CubeIDE_1.18.1/STM32CubeIDE/plugins/com.st.stm32cube.ide.mcu.externaltools.gnu-tools-for-stm32.13.3.rel1.win32_1.0.0.202411081344/tools/bin/../lib/gcc/arm-none-eabi/13.3.1/../../../../arm-none-eabi/lib/thumb/v7e-m+fp/hard\libc_nano.a(libc_a-reent.o)
                0x0800d6f8                _reclaim_reent
 .text._sbrk_r  0x0800d7b4       0x20 C:/ST/STM32CubeIDE_1.18.1/STM32CubeIDE/plugins/com.st.stm32cube.ide.mcu.externaltools.gnu-tools-for-stm32.13.3.rel1.win32_1.0.0.202411081344/tools/bin/../lib/gcc/arm-none-eabi/13.3.1/../../../../arm-none-eabi/lib/thumb/v7e-m+fp/hard\libc_nano.a(libc_a-sbrkr.o)
                0x0800d7b4                _sbrk_r
 .text.__errno  0x0800d7d4        0xc C:/ST/STM32CubeIDE_1.18.1/STM32CubeIDE/plugins/com.st.stm32cube.ide.mcu.externaltools.gnu-tools-for-stm32.13.3.rel1.win32_1.0.0.202411081344/tools/bin/../lib/gcc/arm-none-eabi/13.3.1/../../../../arm-none-eabi/lib/thumb/v7e-m+fp/hard\libc_nano.a(libc_a-errno.o)
                0x0800d7d4                __errno
 .text.__libc_init_array
                0x0800d7e0       0x48 C:/ST/STM32CubeIDE_1.18.1/STM32CubeIDE/plugins/com.st.stm32cube.ide.mcu.externaltools.gnu-tools-for-stm32.13.3.rel1.win32_1.0.0.202411081344/tools/bin/../lib/gcc/arm-none-eabi/13.3.1/../../../../arm-none-eabi/lib/thumb/v7e-m+fp/hard\libc_nano.a(libc_a-init.o)
                0x0800d7e0                __libc_init_array
 .text.__retarget_lock_acquire_recursive
                0x0800d828        0x2 C:/ST/STM32CubeIDE_1.18.1/STM32CubeIDE/plugins/com.st.stm32cube.ide.mcu.externaltools.gnu-tools-for-stm32.13.3.rel1.win32_1.0.0.202411081344/tools/bin/../lib/gcc/arm-none-eabi/13.3.1/../../../../arm-none-eabi/lib/thumb/v7e-m+fp/hard\libc_nano.a(libc_a-lock.o)
                0x0800d828                __retarget_lock_acquire_recursive
 .text.__retarget_lock_release_recursive
                0x0800d82a        0x2 C:/ST/STM32CubeIDE_1.18.1/STM32CubeIDE/plugins/com.st.stm32cube.ide.mcu.externaltools.gnu-tools-for-stm32.13.3.rel1.win32_1.0.0.202411081344/tools/bin/../lib/gcc/arm-none-eabi/13.3.1/../../../../arm-none-eabi/lib/thumb/v7e-m+fp/hard\libc_nano.a(libc_a-lock.o)
                0x0800d82a                __retarget_lock_release_recursive
 .text.memcpy   0x0800d82c       0x1c C:/ST/STM32CubeIDE_1.18.1/STM32CubeIDE/plugins/com.st.stm32cube.ide.mcu.externaltools.gnu-tools-for-stm32.13.3.rel1.win32_1.0.0.202411081344/tools/bin/../lib/gcc/arm-none-eabi/13.3.1/../../../../arm-none-eabi/lib/thumb/v7e-m+fp/hard\libc_nano.a(libc_a-memcpy-stub.o)
                0x0800d82c                memcpy
 .text._free_r  0x0800d848       0x94 C:/ST/STM32CubeIDE_1.18.1/STM32CubeIDE/plugins/com.st.stm32cube.ide.mcu.externaltools.gnu-tools-for-stm32.13.3.rel1.win32_1.0.0.202411081344/tools/bin/../lib/gcc/arm-none-eabi/13.3.1/../../../../arm-none-eabi/lib/thumb/v7e-m+fp/hard\libc_nano.a(libc_a-freer.o)
                0x0800d848                _free_r
 *(.glue_7)
 .glue_7        0x0800d8dc        0x0 linker stubs
 *(.glue_7t)
 .glue_7t       0x0800d8dc        0x0 linker stubs
 *(.eh_frame)
 .eh_frame      0x0800d8dc        0x0 C:/ST/STM32CubeIDE_1.18.1/STM32CubeIDE/plugins/com.st.stm32cube.ide.mcu.externaltools.gnu-tools-for-stm32.13.3.rel1.win32_1.0.0.202411081344/tools/bin/../lib/gcc/arm-none-eabi/13.3.1/thumb/v7e-m+fp/hard/crtbegin.o
 *(.init)
 .init          0x0800d8dc        0x4 C:/ST/STM32CubeIDE_1.18.1/STM32CubeIDE/plugins/com.st.stm32cube.ide.mcu.externaltools.gnu-tools-for-stm32.13.3.rel1.win32_1.0.0.202411081344/tools/bin/../lib/gcc/arm-none-eabi/13.3.1/thumb/v7e-m+fp/hard/crti.o
                0x0800d8dc                _init
 .init          0x0800d8e0        0x8 C:/ST/STM32CubeIDE_1.18.1/STM32CubeIDE/plugins/com.st.stm32cube.ide.mcu.externaltools.gnu-tools-for-stm32.13.3.rel1.win32_1.0.0.202411081344/tools/bin/../lib/gcc/arm-none-eabi/13.3.1/thumb/v7e-m+fp/hard/crtn.o
 *(.fini)
 .fini          0x0800d8e8        0x4 C:/ST/STM32CubeIDE_1.18.1/STM32CubeIDE/plugins/com.st.stm32cube.ide.mcu.externaltools.gnu-tools-for-stm32.13.3.rel1.win32_1.0.0.202411081344/tools/bin/../lib/gcc/arm-none-eabi/13.3.1/thumb/v7e-m+fp/hard/crti.o
                0x0800d8e8                _fini
 .fini          0x0800d8ec        0x8 C:/ST/STM32CubeIDE_1.18.1/STM32CubeIDE/plugins/com.st.stm32cube.ide.mcu.externaltools.gnu-tools-for-stm32.13.3.rel1.win32_1.0.0.202411081344/tools/bin/../lib/gcc/arm-none-eabi/13.3.1/thumb/v7e-m+fp/hard/crtn.o
                0x0800d8f4                        . = ALIGN (0x4)
                0x0800d8f4                        _etext = .

.vfp11_veneer   0x0800d8f4        0x0
 .vfp11_veneer  0x0800d8f4        0x0 linker stubs

.v4_bx          0x0800d8f4        0x0
 .v4_bx         0x0800d8f4        0x0 linker stubs

.iplt           0x0800d8f4        0x0
 .iplt          0x0800d8f4        0x0 C:/ST/STM32CubeIDE_1.18.1/STM32CubeIDE/plugins/com.st.stm32cube.ide.mcu.externaltools.gnu-tools-for-stm32.13.3.rel1.win32_1.0.0.202411081344/tools/bin/../lib/gcc/arm-none-eabi/13.3.1/thumb/v7e-m+fp/hard/crtbegin.o

.rodata         0x0800d8f4       0xb0
                0x0800d8f4                        . = ALIGN (0x4)
 *(.rodata)
 .rodata        0x0800d8f4       0x54 ./Core/Src/main.o
 .rodata        0x0800d948        0x5 ./Middlewares/FreeRTOS/tasks.o
 *fill*         0x0800d94d        0x3 
 .rodata        0x0800d950        0x4 ./Middlewares/USB_Host_Library/usbh_cdc.o
 .rodata        0x0800d954       0x38 ./Middlewares/USB_Host_Library/usbh_core.o
 *(.rodata*)
 .rodata.AHBPrescTable
                0x0800d98c       0x10 ./Core/Src/system_stm32f4xx.o
                0x0800d98c                AHBPrescTable
 .rodata.APBPrescTable
                0x0800d99c        0x8 ./Core/Src/system_stm32f4xx.o
                0x0800d99c                APBPrescTable
                0x0800d9a4                        . = ALIGN (0x4)

.ARM.extab      0x0800d9a4        0x0
                0x0800d9a4                        . = ALIGN (0x4)
 *(.ARM.extab* .gnu.linkonce.armextab.*)
                0x0800d9a4                        . = ALIGN (0x4)

.ARM            0x0800d9a4        0x8
                0x0800d9a4                        . = ALIGN (0x4)
                0x0800d9a4                        __exidx_start = .
 *(.ARM.exidx*)
 .ARM.exidx     0x0800d9a4        0x8 C:/ST/STM32CubeIDE_1.18.1/STM32CubeIDE/plugins/com.st.stm32cube.ide.mcu.externaltools.gnu-tools-for-stm32.13.3.rel1.win32_1.0.0.202411081344/tools/bin/../lib/gcc/arm-none-eabi/13.3.1/../../../../arm-none-eabi/lib/thumb/v7e-m+fp/hard\libc_nano.a(libc_a-strlen.o)
 .ARM.exidx     0x0800d9ac        0x0 C:/ST/STM32CubeIDE_1.18.1/STM32CubeIDE/plugins/com.st.stm32cube.ide.mcu.externaltools.gnu-tools-for-stm32.13.3.rel1.win32_1.0.0.202411081344/tools/bin/../lib/gcc/arm-none-eabi/13.3.1/thumb/v7e-m+fp/hard\libgcc.a(_udivmoddi4.o)
                                  0x8 (size before relaxing)
                0x0800d9ac                        __exidx_end = .
                0x0800d9ac                        . = ALIGN (0x4)

.preinit_array  0x0800d9ac        0x0
                0x0800d9ac                        . = ALIGN (0x4)
                0x0800d9ac                        PROVIDE (__preinit_array_start = .)
 *(.preinit_array*)
                0x0800d9ac                        PROVIDE (__preinit_array_end = .)
                0x0800d9ac                        . = ALIGN (0x4)

.init_array     0x0800d9ac        0x4
                0x0800d9ac                        . = ALIGN (0x4)
                0x0800d9ac                        PROVIDE (__init_array_start = .)
 *(SORT_BY_NAME(.init_array.*))
 *(.init_array*)
 .init_array    0x0800d9ac        0x4 C:/ST/STM32CubeIDE_1.18.1/STM32CubeIDE/plugins/com.st.stm32cube.ide.mcu.externaltools.gnu-tools-for-stm32.13.3.rel1.win32_1.0.0.202411081344/tools/bin/../lib/gcc/arm-none-eabi/13.3.1/thumb/v7e-m+fp/hard/crtbegin.o
                0x0800d9b0                        PROVIDE (__init_array_end = .)
                0x0800d9b0                        . = ALIGN (0x4)

.fini_array     0x0800d9b0        0x4
                0x0800d9b0                        . = ALIGN (0x4)
                [!provide]                        PROVIDE (__fini_array_start = .)
 *(SORT_BY_NAME(.fini_array.*))
 *(.fini_array*)
 .fini_array    0x0800d9b0        0x4 C:/ST/STM32CubeIDE_1.18.1/STM32CubeIDE/plugins/com.st.stm32cube.ide.mcu.externaltools.gnu-tools-for-stm32.13.3.rel1.win32_1.0.0.202411081344/tools/bin/../lib/gcc/arm-none-eabi/13.3.1/thumb/v7e-m+fp/hard/crtbegin.o
                [!provide]                        PROVIDE (__fini_array_end = .)
                0x0800d9b4                        . = ALIGN (0x4)
                0x0800d9b4                        _sidata = LOADADDR (.data)

.rel.dyn        0x0800d9b4        0x0
 .rel.iplt      0x0800d9b4        0x0 C:/ST/STM32CubeIDE_1.18.1/STM32CubeIDE/plugins/com.st.stm32cube.ide.mcu.externaltools.gnu-tools-for-stm32.13.3.rel1.win32_1.0.0.202411081344/tools/bin/../lib/gcc/arm-none-eabi/13.3.1/thumb/v7e-m+fp/hard/crtbegin.o

.data           0x20000000       0x80 load address 0x0800d9b4
                0x20000000                        . = ALIGN (0x4)
                0x20000000                        _sdata = .
 *(.data)
 *(.data*)
 .data.SystemCoreClock
                0x20000000        0x4 ./Core/Src/system_stm32f4xx.o
                0x20000000                SystemCoreClock
 .data.uwTickPrio
                0x20000004        0x4 ./Drivers/STM32F4xx_HAL_Driver/stm32f4xx_hal.o
                0x20000004                uwTickPrio
 .data.uwTickFreq
                0x20000008        0x1 ./Drivers/STM32F4xx_HAL_Driver/stm32f4xx_hal.o
                0x20000008                uwTickFreq
 *fill*         0x20000009        0x3 
 .data.uxCriticalNesting
                0x2000000c        0x4 ./Middlewares/FreeRTOS/port.o
 .data.CDC_Class
                0x20000010       0x20 ./Middlewares/USB_Host_Library/usbh_cdc.o
                0x20000010                CDC_Class
 .data._impure_ptr
                0x20000030        0x4 C:/ST/STM32CubeIDE_1.18.1/STM32CubeIDE/plugins/com.st.stm32cube.ide.mcu.externaltools.gnu-tools-for-stm32.13.3.rel1.win32_1.0.0.202411081344/tools/bin/../lib/gcc/arm-none-eabi/13.3.1/../../../../arm-none-eabi/lib/thumb/v7e-m+fp/hard\libc_nano.a(libc_a-impure.o)
                0x20000030                _impure_ptr
 .data._impure_data
                0x20000034       0x4c C:/ST/STM32CubeIDE_1.18.1/STM32CubeIDE/plugins/com.st.stm32cube.ide.mcu.externaltools.gnu-tools-for-stm32.13.3.rel1.win32_1.0.0.202411081344/tools/bin/../lib/gcc/arm-none-eabi/13.3.1/../../../../arm-none-eabi/lib/thumb/v7e-m+fp/hard\libc_nano.a(libc_a-impure.o)
                0x20000034                _impure_data
 *(.RamFunc)
 *(.RamFunc*)
                0x20000080                        . = ALIGN (0x4)
                0x20000080                        _edata = .
                0x0800da34                        _siccmram = LOADADDR (.ccmram)

.igot.plt       0x20000080        0x0 load address 0x0800da34
 .igot.plt      0x20000080        0x0 C:/ST/STM32CubeIDE_1.18.1/STM32CubeIDE/plugins/com.st.stm32cube.ide.mcu.externaltools.gnu-tools-for-stm32.13.3.rel1.win32_1.0.0.202411081344/tools/bin/../lib/gcc/arm-none-eabi/13.3.1/thumb/v7e-m+fp/hard/crtbegin.o

.ccmram         0x10000000        0x0 load address 0x0800da34
                0x10000000                        . = ALIGN (0x4)
                0x10000000                        _sccmram = .
 *(.ccmram)
 *(.ccmram*)
                0x10000000                        . = ALIGN (0x4)
                0x10000000                        _eccmram = .
                0x10000000                        . = ALIGN (0x4)

.bss            0x20000080     0x9024
                0x20000080                        _sbss = .
                0x20000080                        __bss_start__ = _sbss
 *(.bss)
 .bss           0x20000080       0x1c C:/ST/STM32CubeIDE_1.18.1/STM32CubeIDE/plugins/com.st.stm32cube.ide.mcu.externaltools.gnu-tools-for-stm32.13.3.rel1.win32_1.0.0.202411081344/tools/bin/../lib/gcc/arm-none-eabi/13.3.1/thumb/v7e-m+fp/hard/crtbegin.o
 *(.bss*)
 .bss.xIdleTaskTCBBuffer
                0x2000009c       0xa4 ./Core/Src/freertos.o
 .bss.xIdleStack
                0x20000140      0x200 ./Core/Src/freertos.o
 .bss.hcrc      0x20000340        0x8 ./Core/Src/main.o
                0x20000340                hcrc
 .bss.hdma2d    0x20000348       0x40 ./Core/Src/main.o
                0x20000348                hdma2d
 .bss.hi2c3     0x20000388       0x54 ./Core/Src/main.o
                0x20000388                hi2c3
 .bss.hltdc     0x200003dc       0xa8 ./Core/Src/main.o
                0x200003dc                hltdc
 .bss.hspi5     0x20000484       0x58 ./Core/Src/main.o
                0x20000484                hspi5
 .bss.htim1     0x200004dc       0x48 ./Core/Src/main.o
                0x200004dc                htim1
 .bss.huart1    0x20000524       0x48 ./Core/Src/main.o
                0x20000524                huart1
 .bss.huart2    0x2000056c       0x48 ./Core/Src/main.o
                0x2000056c                huart2
 .bss.hsdram1   0x200005b4       0x34 ./Core/Src/main.o
                0x200005b4                hsdram1
 .bss.defaultTaskHandle
                0x200005e8        0x4 ./Core/Src/main.o
                0x200005e8                defaultTaskHandle
 .bss.FMC_Initialized
                0x200005ec        0x4 ./Core/Src/stm32f4xx_hal_msp.o
 .bss.htim6     0x200005f0       0x48 ./Core/Src/stm32f4xx_hal_timebase_tim.o
                0x200005f0                htim6
 .bss.__sbrk_heap_end
                0x20000638        0x4 ./Core/Src/sysmem.o
 .bss.uwTick    0x2000063c        0x4 ./Drivers/STM32F4xx_HAL_Driver/stm32f4xx_hal.o
                0x2000063c                uwTick
 .bss.ucHeap    0x20000640     0x8000 ./Middlewares/FreeRTOS/heap_4.o
 .bss.xStart    0x20008640        0x8 ./Middlewares/FreeRTOS/heap_4.o
 .bss.pxEnd     0x20008648        0x4 ./Middlewares/FreeRTOS/heap_4.o
 .bss.xFreeBytesRemaining
                0x2000864c        0x4 ./Middlewares/FreeRTOS/heap_4.o
 .bss.xMinimumEverFreeBytesRemaining
                0x20008650        0x4 ./Middlewares/FreeRTOS/heap_4.o
 .bss.xNumberOfSuccessfulAllocations
                0x20008654        0x4 ./Middlewares/FreeRTOS/heap_4.o
 .bss.xNumberOfSuccessfulFrees
                0x20008658        0x4 ./Middlewares/FreeRTOS/heap_4.o
 .bss.xBlockAllocatedBit
                0x2000865c        0x4 ./Middlewares/FreeRTOS/heap_4.o
 .bss.ucMaxSysCallPriority
                0x20008660        0x1 ./Middlewares/FreeRTOS/port.o
 *fill*         0x20008661        0x3 
 .bss.ulMaxPRIGROUPValue
                0x20008664        0x4 ./Middlewares/FreeRTOS/port.o
 .bss.pxCurrentTCB
                0x20008668        0x4 ./Middlewares/FreeRTOS/tasks.o
                0x20008668                pxCurrentTCB
 .bss.pxReadyTasksLists
                0x2000866c       0x8c ./Middlewares/FreeRTOS/tasks.o
 .bss.xDelayedTaskList1
                0x200086f8       0x14 ./Middlewares/FreeRTOS/tasks.o
 .bss.xDelayedTaskList2
                0x2000870c       0x14 ./Middlewares/FreeRTOS/tasks.o
 .bss.pxDelayedTaskList
                0x20008720        0x4 ./Middlewares/FreeRTOS/tasks.o
 .bss.pxOverflowDelayedTaskList
                0x20008724        0x4 ./Middlewares/FreeRTOS/tasks.o
 .bss.xPendingReadyList
                0x20008728       0x14 ./Middlewares/FreeRTOS/tasks.o
 .bss.xTasksWaitingTermination
                0x2000873c       0x14 ./Middlewares/FreeRTOS/tasks.o
 .bss.uxDeletedTasksWaitingCleanUp
                0x20008750        0x4 ./Middlewares/FreeRTOS/tasks.o
 .bss.xSuspendedTaskList
                0x20008754       0x14 ./Middlewares/FreeRTOS/tasks.o
 .bss.uxCurrentNumberOfTasks
                0x20008768        0x4 ./Middlewares/FreeRTOS/tasks.o
 .bss.xTickCount
                0x2000876c        0x4 ./Middlewares/FreeRTOS/tasks.o
 .bss.uxTopReadyPriority
                0x20008770        0x4 ./Middlewares/FreeRTOS/tasks.o
 .bss.xSchedulerRunning
                0x20008774        0x4 ./Middlewares/FreeRTOS/tasks.o
 .bss.xPendedTicks
                0x20008778        0x4 ./Middlewares/FreeRTOS/tasks.o
 .bss.xYieldPending
                0x2000877c        0x4 ./Middlewares/FreeRTOS/tasks.o
 .bss.xNumOfOverflows
                0x20008780        0x4 ./Middlewares/FreeRTOS/tasks.o
 .bss.uxTaskNumber
                0x20008784        0x4 ./Middlewares/FreeRTOS/tasks.o
 .bss.xNextTaskUnblockTime
                0x20008788        0x4 ./Middlewares/FreeRTOS/tasks.o
 .bss.xIdleTaskHandle
                0x2000878c        0x4 ./Middlewares/FreeRTOS/tasks.o
 .bss.uxSchedulerSuspended
                0x20008790        0x4 ./Middlewares/FreeRTOS/tasks.o
 .bss.hUsbHostHS
                0x20008794      0x3e4 ./USB_HOST/App/usb_host.o
                0x20008794                hUsbHostHS
 .bss.Appli_state
                0x20008b78        0x1 ./USB_HOST/App/usb_host.o
                0x20008b78                Appli_state
 *fill*         0x20008b79        0x3 
 .bss.hhcd_USB_OTG_HS
                0x20008b7c      0x3e0 ./USB_HOST/Target/usbh_conf.o
                0x20008b7c                hhcd_USB_OTG_HS
 .bss.__malloc_sbrk_start
                0x20008f5c        0x4 C:/ST/STM32CubeIDE_1.18.1/STM32CubeIDE/plugins/com.st.stm32cube.ide.mcu.externaltools.gnu-tools-for-stm32.13.3.rel1.win32_1.0.0.202411081344/tools/bin/../lib/gcc/arm-none-eabi/13.3.1/../../../../arm-none-eabi/lib/thumb/v7e-m+fp/hard\libc_nano.a(libc_a-mallocr.o)
                0x20008f5c                __malloc_sbrk_start
 .bss.__malloc_free_list
                0x20008f60        0x4 C:/ST/STM32CubeIDE_1.18.1/STM32CubeIDE/plugins/com.st.stm32cube.ide.mcu.externaltools.gnu-tools-for-stm32.13.3.rel1.win32_1.0.0.202411081344/tools/bin/../lib/gcc/arm-none-eabi/13.3.1/../../../../arm-none-eabi/lib/thumb/v7e-m+fp/hard\libc_nano.a(libc_a-mallocr.o)
                0x20008f60                __malloc_free_list
 .bss.__sf      0x20008f64      0x138 C:/ST/STM32CubeIDE_1.18.1/STM32CubeIDE/plugins/com.st.stm32cube.ide.mcu.externaltools.gnu-tools-for-stm32.13.3.rel1.win32_1.0.0.202411081344/tools/bin/../lib/gcc/arm-none-eabi/13.3.1/../../../../arm-none-eabi/lib/thumb/v7e-m+fp/hard\libc_nano.a(libc_a-findfp.o)
                0x20008f64                __sf
 .bss.errno     0x2000909c        0x4 C:/ST/STM32CubeIDE_1.18.1/STM32CubeIDE/plugins/com.st.stm32cube.ide.mcu.externaltools.gnu-tools-for-stm32.13.3.rel1.win32_1.0.0.202411081344/tools/bin/../lib/gcc/arm-none-eabi/13.3.1/../../../../arm-none-eabi/lib/thumb/v7e-m+fp/hard\libc_nano.a(libc_a-reent.o)
                0x2000909c                errno
 .bss.__lock___malloc_recursive_mutex
                0x200090a0        0x1 C:/ST/STM32CubeIDE_1.18.1/STM32CubeIDE/plugins/com.st.stm32cube.ide.mcu.externaltools.gnu-tools-for-stm32.13.3.rel1.win32_1.0.0.202411081344/tools/bin/../lib/gcc/arm-none-eabi/13.3.1/../../../../arm-none-eabi/lib/thumb/v7e-m+fp/hard\libc_nano.a(libc_a-lock.o)
                0x200090a0                __lock___malloc_recursive_mutex
 *(COMMON)
                0x200090a4                        . = ALIGN (0x4)
 *fill*         0x200090a1        0x3 
                0x200090a4                        _ebss = .
                0x200090a4                        __bss_end__ = _ebss

._user_heap_stack
                0x200090a4      0x604
                0x200090a8                        . = ALIGN (0x8)
 *fill*         0x200090a4        0x4 
                [!provide]                        PROVIDE (end = .)
                0x200090a8                        PROVIDE (_end = .)
                0x200092a8                        . = (. + _Min_Heap_Size)
 *fill*         0x200090a8      0x200 
                0x200096a8                        . = (. + _Min_Stack_Size)
 *fill*         0x200092a8      0x400 
                0x200096a8                        . = ALIGN (0x8)

/DISCARD/
 libc.a(*)
 libm.a(*)
 libgcc.a(*)

.ARM.attributes
                0x00000000       0x30
 *(.ARM.attributes)
 .ARM.attributes
                0x00000000       0x22 C:/ST/STM32CubeIDE_1.18.1/STM32CubeIDE/plugins/com.st.stm32cube.ide.mcu.externaltools.gnu-tools-for-stm32.13.3.rel1.win32_1.0.0.202411081344/tools/bin/../lib/gcc/arm-none-eabi/13.3.1/thumb/v7e-m+fp/hard/crti.o
 .ARM.attributes
                0x00000022       0x34 C:/ST/STM32CubeIDE_1.18.1/STM32CubeIDE/plugins/com.st.stm32cube.ide.mcu.externaltools.gnu-tools-for-stm32.13.3.rel1.win32_1.0.0.202411081344/tools/bin/../lib/gcc/arm-none-eabi/13.3.1/thumb/v7e-m+fp/hard/crtbegin.o
 .ARM.attributes
                0x00000056       0x34 ./Core/Src/freertos.o
 .ARM.attributes
                0x0000008a       0x34 ./Core/Src/main.o
 .ARM.attributes
                0x000000be       0x34 ./Core/Src/stm32f4xx_hal_msp.o
 .ARM.attributes
                0x000000f2       0x34 ./Core/Src/stm32f4xx_hal_timebase_tim.o
 .ARM.attributes
                0x00000126       0x34 ./Core/Src/stm32f4xx_it.o
 .ARM.attributes
                0x0000015a       0x34 ./Core/Src/sysmem.o
 .ARM.attributes
                0x0000018e       0x34 ./Core/Src/system_stm32f4xx.o
 .ARM.attributes
                0x000001c2       0x21 ./Core/Startup/startup_stm32f429zitx.o
 .ARM.attributes
                0x000001e3       0x34 ./Drivers/STM32F4xx_HAL_Driver/stm32f4xx_hal.o
 .ARM.attributes
                0x00000217       0x34 ./Drivers/STM32F4xx_HAL_Driver/stm32f4xx_hal_cortex.o
 .ARM.attributes
                0x0000024b       0x34 ./Drivers/STM32F4xx_HAL_Driver/stm32f4xx_hal_crc.o
 .ARM.attributes
                0x0000027f       0x34 ./Drivers/STM32F4xx_HAL_Driver/stm32f4xx_hal_dma2d.o
 .ARM.attributes
                0x000002b3       0x34 ./Drivers/STM32F4xx_HAL_Driver/stm32f4xx_hal_gpio.o
 .ARM.attributes
                0x000002e7       0x34 ./Drivers/STM32F4xx_HAL_Driver/stm32f4xx_hal_hcd.o
 .ARM.attributes
                0x0000031b       0x34 ./Drivers/STM32F4xx_HAL_Driver/stm32f4xx_hal_i2c.o
 .ARM.attributes
                0x0000034f       0x34 ./Drivers/STM32F4xx_HAL_Driver/stm32f4xx_hal_i2c_ex.o
 .ARM.attributes
                0x00000383       0x34 ./Drivers/STM32F4xx_HAL_Driver/stm32f4xx_hal_ltdc.o
 .ARM.attributes
                0x000003b7       0x34 ./Drivers/STM32F4xx_HAL_Driver/stm32f4xx_hal_rcc.o
 .ARM.attributes
                0x000003eb       0x34 ./Drivers/STM32F4xx_HAL_Driver/stm32f4xx_hal_rcc_ex.o
 .ARM.attributes
                0x0000041f       0x34 ./Drivers/STM32F4xx_HAL_Driver/stm32f4xx_hal_sdram.o
 .ARM.attributes
                0x00000453       0x34 ./Drivers/STM32F4xx_HAL_Driver/stm32f4xx_hal_spi.o
 .ARM.attributes
                0x00000487       0x34 ./Drivers/STM32F4xx_HAL_Driver/stm32f4xx_hal_tim.o
 .ARM.attributes
                0x000004bb       0x34 ./Drivers/STM32F4xx_HAL_Driver/stm32f4xx_hal_tim_ex.o
 .ARM.attributes
                0x000004ef       0x34 ./Drivers/STM32F4xx_HAL_Driver/stm32f4xx_hal_uart.o
 .ARM.attributes
                0x00000523       0x34 ./Drivers/STM32F4xx_HAL_Driver/stm32f4xx_ll_fmc.o
 .ARM.attributes
                0x00000557       0x34 ./Drivers/STM32F4xx_HAL_Driver/stm32f4xx_ll_usb.o
 .ARM.attributes
                0x0000058b       0x34 ./Middlewares/FreeRTOS/cmsis_os.o
 .ARM.attributes
                0x000005bf       0x34 ./Middlewares/FreeRTOS/heap_4.o
 .ARM.attributes
                0x000005f3       0x34 ./Middlewares/FreeRTOS/list.o
 .ARM.attributes
                0x00000627       0x34 ./Middlewares/FreeRTOS/port.o
 .ARM.attributes
                0x0000065b       0x34 ./Middlewares/FreeRTOS/queue.o
 .ARM.attributes
                0x0000068f       0x34 ./Middlewares/FreeRTOS/tasks.o
 .ARM.attributes
                0x000006c3       0x34 ./Middlewares/USB_Host_Library/usbh_cdc.o
 .ARM.attributes
                0x000006f7       0x34 ./Middlewares/USB_Host_Library/usbh_core.o
 .ARM.attributes
                0x0000072b       0x34 ./Middlewares/USB_Host_Library/usbh_ctlreq.o
 .ARM.attributes
                0x0000075f       0x34 ./Middlewares/USB_Host_Library/usbh_ioreq.o
 .ARM.attributes
                0x00000793       0x34 ./Middlewares/USB_Host_Library/usbh_pipes.o
 .ARM.attributes
                0x000007c7       0x34 ./USB_HOST/App/usb_host.o
 .ARM.attributes
                0x000007fb       0x34 ./USB_HOST/Target/usbh_conf.o
 .ARM.attributes
                0x0000082f       0x34 ./USB_HOST/Target/usbh_platform.o
 .ARM.attributes
                0x00000863       0x34 C:/ST/STM32CubeIDE_1.18.1/STM32CubeIDE/plugins/com.st.stm32cube.ide.mcu.externaltools.gnu-tools-for-stm32.13.3.rel1.win32_1.0.0.202411081344/tools/bin/../lib/gcc/arm-none-eabi/13.3.1/../../../../arm-none-eabi/lib/thumb/v7e-m+fp/hard\libc_nano.a(libc_a-malloc.o)
 .ARM.attributes
                0x00000897       0x34 C:/ST/STM32CubeIDE_1.18.1/STM32CubeIDE/plugins/com.st.stm32cube.ide.mcu.externaltools.gnu-tools-for-stm32.13.3.rel1.win32_1.0.0.202411081344/tools/bin/../lib/gcc/arm-none-eabi/13.3.1/../../../../arm-none-eabi/lib/thumb/v7e-m+fp/hard\libc_nano.a(libc_a-mallocr.o)
 .ARM.attributes
                0x000008cb       0x34 C:/ST/STM32CubeIDE_1.18.1/STM32CubeIDE/plugins/com.st.stm32cube.ide.mcu.externaltools.gnu-tools-for-stm32.13.3.rel1.win32_1.0.0.202411081344/tools/bin/../lib/gcc/arm-none-eabi/13.3.1/../../../../arm-none-eabi/lib/thumb/v7e-m+fp/hard\libc_nano.a(libc_a-mlock.o)
 .ARM.attributes
                0x000008ff       0x34 C:/ST/STM32CubeIDE_1.18.1/STM32CubeIDE/plugins/com.st.stm32cube.ide.mcu.externaltools.gnu-tools-for-stm32.13.3.rel1.win32_1.0.0.202411081344/tools/bin/../lib/gcc/arm-none-eabi/13.3.1/../../../../arm-none-eabi/lib/thumb/v7e-m+fp/hard\libc_nano.a(libc_a-findfp.o)
 .ARM.attributes
                0x00000933       0x34 C:/ST/STM32CubeIDE_1.18.1/STM32CubeIDE/plugins/com.st.stm32cube.ide.mcu.externaltools.gnu-tools-for-stm32.13.3.rel1.win32_1.0.0.202411081344/tools/bin/../lib/gcc/arm-none-eabi/13.3.1/../../../../arm-none-eabi/lib/thumb/v7e-m+fp/hard\libc_nano.a(libc_a-memset.o)
 .ARM.attributes
                0x00000967       0x34 C:/ST/STM32CubeIDE_1.18.1/STM32CubeIDE/plugins/com.st.stm32cube.ide.mcu.externaltools.gnu-tools-for-stm32.13.3.rel1.win32_1.0.0.202411081344/tools/bin/../lib/gcc/arm-none-eabi/13.3.1/../../../../arm-none-eabi/lib/thumb/v7e-m+fp/hard\libc_nano.a(libc_a-reent.o)
 .ARM.attributes
                0x0000099b       0x34 C:/ST/STM32CubeIDE_1.18.1/STM32CubeIDE/plugins/com.st.stm32cube.ide.mcu.externaltools.gnu-tools-for-stm32.13.3.rel1.win32_1.0.0.202411081344/tools/bin/../lib/gcc/arm-none-eabi/13.3.1/../../../../arm-none-eabi/lib/thumb/v7e-m+fp/hard\libc_nano.a(libc_a-impure.o)
 .ARM.attributes
                0x000009cf       0x34 C:/ST/STM32CubeIDE_1.18.1/STM32CubeIDE/plugins/com.st.stm32cube.ide.mcu.externaltools.gnu-tools-for-stm32.13.3.rel1.win32_1.0.0.202411081344/tools/bin/../lib/gcc/arm-none-eabi/13.3.1/../../../../arm-none-eabi/lib/thumb/v7e-m+fp/hard\libc_nano.a(libc_a-sbrkr.o)
 .ARM.attributes
                0x00000a03       0x34 C:/ST/STM32CubeIDE_1.18.1/STM32CubeIDE/plugins/com.st.stm32cube.ide.mcu.externaltools.gnu-tools-for-stm32.13.3.rel1.win32_1.0.0.202411081344/tools/bin/../lib/gcc/arm-none-eabi/13.3.1/../../../../arm-none-eabi/lib/thumb/v7e-m+fp/hard\libc_nano.a(libc_a-errno.o)
 .ARM.attributes
                0x00000a37       0x34 C:/ST/STM32CubeIDE_1.18.1/STM32CubeIDE/plugins/com.st.stm32cube.ide.mcu.externaltools.gnu-tools-for-stm32.13.3.rel1.win32_1.0.0.202411081344/tools/bin/../lib/gcc/arm-none-eabi/13.3.1/../../../../arm-none-eabi/lib/thumb/v7e-m+fp/hard\libc_nano.a(libc_a-init.o)
 .ARM.attributes
                0x00000a6b       0x34 C:/ST/STM32CubeIDE_1.18.1/STM32CubeIDE/plugins/com.st.stm32cube.ide.mcu.externaltools.gnu-tools-for-stm32.13.3.rel1.win32_1.0.0.202411081344/tools/bin/../lib/gcc/arm-none-eabi/13.3.1/../../../../arm-none-eabi/lib/thumb/v7e-m+fp/hard\libc_nano.a(libc_a-lock.o)
 .ARM.attributes
                0x00000a9f       0x34 C:/ST/STM32CubeIDE_1.18.1/STM32CubeIDE/plugins/com.st.stm32cube.ide.mcu.externaltools.gnu-tools-for-stm32.13.3.rel1.win32_1.0.0.202411081344/tools/bin/../lib/gcc/arm-none-eabi/13.3.1/../../../../arm-none-eabi/lib/thumb/v7e-m+fp/hard\libc_nano.a(libc_a-memcpy-stub.o)
 .ARM.attributes
                0x00000ad3       0x17 C:/ST/STM32CubeIDE_1.18.1/STM32CubeIDE/plugins/com.st.stm32cube.ide.mcu.externaltools.gnu-tools-for-stm32.13.3.rel1.win32_1.0.0.202411081344/tools/bin/../lib/gcc/arm-none-eabi/13.3.1/../../../../arm-none-eabi/lib/thumb/v7e-m+fp/hard\libc_nano.a(libc_a-strlen.o)
 .ARM.attributes
                0x00000aea       0x34 C:/ST/STM32CubeIDE_1.18.1/STM32CubeIDE/plugins/com.st.stm32cube.ide.mcu.externaltools.gnu-tools-for-stm32.13.3.rel1.win32_1.0.0.202411081344/tools/bin/../lib/gcc/arm-none-eabi/13.3.1/../../../../arm-none-eabi/lib/thumb/v7e-m+fp/hard\libc_nano.a(libc_a-freer.o)
 .ARM.attributes
                0x00000b1e       0x22 C:/ST/STM32CubeIDE_1.18.1/STM32CubeIDE/plugins/com.st.stm32cube.ide.mcu.externaltools.gnu-tools-for-stm32.13.3.rel1.win32_1.0.0.202411081344/tools/bin/../lib/gcc/arm-none-eabi/13.3.1/thumb/v7e-m+fp/hard\libgcc.a(_aeabi_uldivmod.o)
 .ARM.attributes
                0x00000b40       0x34 C:/ST/STM32CubeIDE_1.18.1/STM32CubeIDE/plugins/com.st.stm32cube.ide.mcu.externaltools.gnu-tools-for-stm32.13.3.rel1.win32_1.0.0.202411081344/tools/bin/../lib/gcc/arm-none-eabi/13.3.1/thumb/v7e-m+fp/hard\libgcc.a(_udivmoddi4.o)
 .ARM.attributes
                0x00000b74       0x22 C:/ST/STM32CubeIDE_1.18.1/STM32CubeIDE/plugins/com.st.stm32cube.ide.mcu.externaltools.gnu-tools-for-stm32.13.3.rel1.win32_1.0.0.202411081344/tools/bin/../lib/gcc/arm-none-eabi/13.3.1/thumb/v7e-m+fp/hard\libgcc.a(_dvmd_tls.o)
 .ARM.attributes
                0x00000b96       0x22 C:/ST/STM32CubeIDE_1.18.1/STM32CubeIDE/plugins/com.st.stm32cube.ide.mcu.externaltools.gnu-tools-for-stm32.13.3.rel1.win32_1.0.0.202411081344/tools/bin/../lib/gcc/arm-none-eabi/13.3.1/thumb/v7e-m+fp/hard/crtn.o
OUTPUT(STMTOARDUINO.elf elf32-littlearm)
LOAD linker stubs
LOAD C:/ST/STM32CubeIDE_1.18.1/STM32CubeIDE/plugins/com.st.stm32cube.ide.mcu.externaltools.gnu-tools-for-stm32.13.3.rel1.win32_1.0.0.202411081344/tools/bin/../lib/gcc/arm-none-eabi/13.3.1/../../../../arm-none-eabi/lib/thumb/v7e-m+fp/hard\libc.a
LOAD C:/ST/STM32CubeIDE_1.18.1/STM32CubeIDE/plugins/com.st.stm32cube.ide.mcu.externaltools.gnu-tools-for-stm32.13.3.rel1.win32_1.0.0.202411081344/tools/bin/../lib/gcc/arm-none-eabi/13.3.1/../../../../arm-none-eabi/lib/thumb/v7e-m+fp/hard\libm.a
LOAD C:/ST/STM32CubeIDE_1.18.1/STM32CubeIDE/plugins/com.st.stm32cube.ide.mcu.externaltools.gnu-tools-for-stm32.13.3.rel1.win32_1.0.0.202411081344/tools/bin/../lib/gcc/arm-none-eabi/13.3.1/thumb/v7e-m+fp/hard\libgcc.a

.debug_info     0x00000000    0x2b91e
 .debug_info    0x00000000      0x996 ./Core/Src/freertos.o
 .debug_info    0x00000996     0x2dcc ./Core/Src/main.o
 .debug_info    0x00003762     0x2309 ./Core/Src/stm32f4xx_hal_msp.o
 .debug_info    0x00005a6b      0xc40 ./Core/Src/stm32f4xx_hal_timebase_tim.o
 .debug_info    0x000066ab     0x12cf ./Core/Src/stm32f4xx_it.o
 .debug_info    0x0000797a      0x168 ./Core/Src/sysmem.o
 .debug_info    0x00007ae2      0x52e ./Core/Src/system_stm32f4xx.o
 .debug_info    0x00008010       0x30 ./Core/Startup/startup_stm32f429zitx.o
 .debug_info    0x00008040      0x9ba ./Drivers/STM32F4xx_HAL_Driver/stm32f4xx_hal.o
 .debug_info    0x000089fa      0xdc2 ./Drivers/STM32F4xx_HAL_Driver/stm32f4xx_hal_cortex.o
 .debug_info    0x000097bc      0x37f ./Drivers/STM32F4xx_HAL_Driver/stm32f4xx_hal_crc.o
 .debug_info    0x00009b3b      0xe6e ./Drivers/STM32F4xx_HAL_Driver/stm32f4xx_hal_dma2d.o
 .debug_info    0x0000a9a9      0x6db ./Drivers/STM32F4xx_HAL_Driver/stm32f4xx_hal_gpio.o
 .debug_info    0x0000b084     0x114c ./Drivers/STM32F4xx_HAL_Driver/stm32f4xx_hal_hcd.o
 .debug_info    0x0000c1d0     0x2421 ./Drivers/STM32F4xx_HAL_Driver/stm32f4xx_hal_i2c.o
 .debug_info    0x0000e5f1      0x672 ./Drivers/STM32F4xx_HAL_Driver/stm32f4xx_hal_i2c_ex.o
 .debug_info    0x0000ec63     0x1022 ./Drivers/STM32F4xx_HAL_Driver/stm32f4xx_hal_ltdc.o
 .debug_info    0x0000fc85      0x8c7 ./Drivers/STM32F4xx_HAL_Driver/stm32f4xx_hal_rcc.o
 .debug_info    0x0001054c      0x64c ./Drivers/STM32F4xx_HAL_Driver/stm32f4xx_hal_rcc_ex.o
 .debug_info    0x00010b98      0xeb4 ./Drivers/STM32F4xx_HAL_Driver/stm32f4xx_hal_sdram.o
 .debug_info    0x00011a4c     0x1525 ./Drivers/STM32F4xx_HAL_Driver/stm32f4xx_hal_spi.o
 .debug_info    0x00012f71     0x299d ./Drivers/STM32F4xx_HAL_Driver/stm32f4xx_hal_tim.o
 .debug_info    0x0001590e     0x14db ./Drivers/STM32F4xx_HAL_Driver/stm32f4xx_hal_tim_ex.o
 .debug_info    0x00016de9     0x2f4f ./Drivers/STM32F4xx_HAL_Driver/stm32f4xx_hal_uart.o
 .debug_info    0x00019d38      0xe08 ./Drivers/STM32F4xx_HAL_Driver/stm32f4xx_ll_fmc.o
 .debug_info    0x0001ab40     0x1993 ./Drivers/STM32F4xx_HAL_Driver/stm32f4xx_ll_usb.o
 .debug_info    0x0001c4d3     0x227e ./Middlewares/FreeRTOS/cmsis_os.o
 .debug_info    0x0001e751      0x4f7 ./Middlewares/FreeRTOS/heap_4.o
 .debug_info    0x0001ec48      0x2af ./Middlewares/FreeRTOS/list.o
 .debug_info    0x0001eef7      0x4de ./Middlewares/FreeRTOS/port.o
 .debug_info    0x0001f3d5     0x19b5 ./Middlewares/FreeRTOS/queue.o